[    0.00000] Linux version 4.15.0-47-generic (buildd@lgw01-amd64-001) (gcc version 7.3.0 (Ubuntu 7.3.0-16ubuntu3)) #50-Ubuntu SMP Wed Mar 13 10:44:52 UTC 2019 (Ubuntu 4.15.0-47.50-generic 4.15.18)
[    0.000000] Command line:BOOT_IMAGE=/boot/vmlinuz-4.15.0-47-generic root=LABEL=cloudimg-rootfs ro console=tty1 console=ttyS0
[    0.000000] KERNEL supported cpus:
[    0.000000]   Intel GenuineIntel
[   0.000000]   AMD AuthenticAMD
[    0.000000]   Centaur CentaurHauls
[    0.000000] 86/fpu: Supporting XSAVE feature 0x001: 'x87 floating point registers'
[    0.000000] x86/fpu: Supporting XSAVE feature 0x002: 'SS registers'
[    0.000000] 86/fpu: Supportig XSAVE eaure 0x004:'AX eggisters'
[  0.000000] x86/fpu: xstteoffst[2]:  576, xtae_izes[2]:  26[    00000] x86/fpu: naled xstate features 0x7, conex size is 832 bytes, using 'standard' format.
[    0.000000] e820: BIOS-provided physical RAM map:
[    0.000000] BIOS-e820: [mem 0x0000000000000000-0x000000000009fbff] usable
[    0.000000] BIOS-e820: [mem 0x000000000009fc00-0x000000000009ffff] reserved
[    0.000000] BIOS-e820: mem 0x00000000000f0000-0x00000000000fffff] reserved
[    0.000000] BIOS-e820: [mem 0x0000000000100000-0x000000003ffeffff] usable
[  0.00000 BOS-e820: me 000000003ff000-0x0000003fffffff] APIdata
[    .000000] BIOS-e820: [mem 0x00000000fec00000-0x00000000fec00fff] reserved
[    0.000000] BIOS-e820: [mem 0x00000000fee00000-0x00000000fee00fff] reserved
[    0.000000] BIOS-e820: [mem 0x00000000fffc0000-0x00000000ffffffff] reserved
[    0.000000]NX(Execue isble) protection: active
[    0.000000] SMBIOS 2.5 present.
[    0.000000] MI inntek GmbH VirtualBox/VirtualBox, OS irtuaalBox 12/01/2006
[    0.0000] ypervisor detected:VM
[    0.000000] e820: last_pfn = 0x3ff max_arch_fn =0x40000000
[   0.0000] MTRR: Disabled
[    0.000000] x86/PAT: MTRRs disabled, kippig PAT iitiaiztion too.
[    0.000000] CPU MTRRs all blank - virtualized system.
[    0.000000] x86/PAT: Configuration [0-7]: WB  WT  UC- UC  WB  WT  UC- UC  
[    0.000000] found SMP MP-table at [mem 0x0009fff0-0x0009ffff] mapped at [        (ptrvl)
[    0.000000] Saning 1 areas for low memory corruption
[    0.000000] RAMDISK: [mem 0x359cb000-0x36cdcfff]
[    0.000000] ACPI: Early table checksum verification disabled
[    0.000000] ACPI: RSDP 0x00000000000E0000 000024 (v02VBOX  )
[    0.000000] ACPI: XSDT 0x000000003FFF0030 00003C (v01 VBOX   VBOXXSDT 00000001 ASL  00000061)
[    0.000000] ACPI: FACP 0x00000003FFF00F0 0000F4 (v04 VBOX   VBOXFACP 00000001 ASL  00000061)
[    0.000000] ACPI: DSDT 0x000000003FFF0470 0021FF (v02 VBO   VOXIO 00000002 INTL 20100528)
[    0.000000] ACPI: FACS 0x000000003FFF0200 000040
[    0.000] ACPI: FACS 00x00000003FFF020 00040
[   .000000] AC: PIC 0x000000003FFF0240 00005C (v02 VBOX   VBOXAPIC 00000001 ASL 0000061)
[    0.0000]ACPI: SSDT 0x000000003FFF0A00001C (v01BO   VBOXCPUT 00000002 INTL 20100528)
[   .00000] No NUMA configuration found
[    0.0000] aking a node a[mm 0x0000000000000-0x000000003ffeffff]
[    0.000000] NODE_DATA(0) allocated [mem 0x3ffc5000-0x3ffeffff]
[    0.000000] kvm-clock: cpu 0, msr 0:3ff440, primary cpu clock
[    0.000000] kvm-clock: Using msrs 4b564d01 and 4b4d00
   0.000000] kvm-clock: using sched offset of 4827347269 cycles
[    0.000000] clocksource: kvm-clock: mask: 0xffffffffffffffff max_cycles: 0x1cd42e4dffb, max_idle_ns: 881590591483 ns
[    0.000000] Zone ranges:
[    0.000000]   DMA      [mem 0x0000000000001000-0x0000000000ffffff]
[    0.000000]   DMA32    [mem 0x0000000001000000-0x000000003ffeffff]
[    0.000000]   Normal   empty
[    0.000000]   Device   empty
[    0.000000] Movable zone start for each node
[    0.000000] Ealy memory node ranges
[    0.000000]   node   0: [mem 0x0000000000001000-0x000000000009efff]
[    0.000000]   node   0: [mem 0x0000000000100000-0x000000003ffeffff]
[    0.00000] Reserved but unaailable: 114 pages
[    0.000000] Initmem setup node 0 [mem 0x0000000000001000-0x000000003ffeffff]
[    0.000000] ACPI: PM-Timer IO or: x4008
[    0.0000] OAPIC[0]: apic_id 2,vession 32, address 0xfec00000, GSI 0-23
[    0.000000] ACPI: INT_SRC_OVR (bus 0 bus_irq 0 global_irq 2 dfl dfl)
[    0.000000] ACPI: INT_SRC_OVR (s 0 bus_irq gobal_irq 9 w lvel)
[   .000000] Using ACPI (MADT) for SMP configuration information
[    0.000000] smpboot: Allowing 2 CPUs, 0 hotplug CPUs
[    0.000000] PM: Registered nosave memory: [mem 0x00000000-0x00000fff]
[    0.0000] PM: gistere nosave memory [me 0x0009f000-0x0009ffff]
[    0.000000] PM: Registered nosave memory: [mem 0x000a0000-0x000effff]
[    0.000000] PM: Registered nosave memory: [mem 0x000f0000-0x000fffff]
[    0.000000] e820: [mm x40000000xebffff] availale for PCI devices
[  0000000] Booting paravirtualized kernel on KVM
[    0.000000] clocksource: rfied-jifes mask: 0xfffff max_cycl: 0xffffffff, max_idle_ns: 7645519600211568 ns
[    0.000000] random: get_andom_bytes called from start_kernel+0x99/0x4fd with ccrng_init=0
[    0.000000] setup_percpu: NR_CPUS:8192 nr_cpumask_bits:2 nr_cpu_ids:2 nr_node_ids:1
[    0.000000] percpu: Embedded 46 pages/cpu @        (ptrval) s151552 r8192 d28672 u1048576
[    0.000000] PV qspinlock hash table entries: 256 (order: 0, 4096 bytes
[    0.00000 Built1 zonelst, mobility grouping on.  Total pas: 25713
[   0.0000 Policy zon: MA2
[    0.0000] Kernl ommad line: BOOT_IMAGE=/boot/vmlinuz-4.15.0-47-generic root=LABEL=cloudimg-rootfs ro console=tty1 console=ttyS0
[   0.000000] Memory: 983056K1048120K available (300K kerel code, 2473K data, 422Kroata, 2408K init, 2416K bss, 65064K reserved, K ma-reservd)
[    0.000000] SLUB: Halgn=6, rdr=0-3, MinObjects=0, CPUs=2, Nodes=1
[    0.000000] Kernel/User page tables soation: enabled
[    0.00000 frace: allocaing 39206 entries in 154 pages
[    0.004000] Hierarchical RCU impleentation.
[    0.004000 	RC rstricting CPUs from NR_CPUS=8192 to nr_cpu_ids=2.
[  0.0000] 	Tasks RCU enaled.
[    0.004000] RCU: Adjusting geometry for rcu_fanout_leaf=16, nr_cpu_ids=2
[    0.004000] NR_IRQS: 524544, nr_irqs: 440, preallocated irqs: 16
[    0.004000] Console: colour VGA+ 80x25
[    0.004000] console [tty1] enabled
[    0.004000] console [ttyS0] enabled
[    0.004000] ACPI: Core revision 20170831
[    0.004000] ACPI: 2 ACPI AML tables successfully acquired and loaded
[    0.004000] APIC:Switch to symmetric I/O mode setup
[    0.004213] x2apic enabled
[    0.008005] Switched APIC routing to physical x2apic.
[    0.010512] ..TIMER: vector=0x30 apic1=0 pin1=2 apic2=-1 pin2=-1
[    0.012002] tsc: Detected 2495.998 MHz processor
[    0.016009] Calibrating delay loop (skipped) preset value.. 4991.99 BogoMIPS (lpj=9983992)
[    0.020005] pid_max: default: 32768 minimum: 301
[    0.024057] Security Framework initialized
[    0.028005] Yama: becoming mindful.
[    0.032028] AppArmor: AppArmor initialized
[    0.037298] Dentry cache hash table entries: 131072 (order: 8, 1048576 bytes)
[    0.040067] Inode-cache hash table entries: 65536 (order: 7, 524288 bytes)
[    0.044020] Mount-cache hash table entries: 2048 (order: 2, 16384 bytes)
[    0.048016] Mountpoint-cache hash table entries: 2048 (order: 2, 16384 bytes)
[    0.052210] mce: CPU supports 0 MCE banks
[    0.056017] Last level iTLB entries: 4KB 64, 2MB 8, 4MB 8
[    0.060004] Last level dTLB entries: 4KB 64, 2MB 0, 4MB 0, 1GB 4
[    0.061723] Spectre V2 : Mitigation: Full generic retpoline
[    0.064030] Spectre V2 : Spectre v2 / SpectreRSB mitigation: Filling RSB on context switch
[    0.068005] Speculative Store Bypass: Vulnerable
[    0.072137] Freeing SMP alternatives memory: 36K
[    0.080000] smpboot: CPU0: Intel(R) Core(TM) i7-7660U CPU @ 2.50GHz (family: 0x6, model: 0x8e, stepping: 0x9)
[    0.080087] Performance Events: unsupported p6 CPU model 142 no PMU driver, software events only.
[    0.082530] Hierarchical SRCU implementation.
[    0.084492] NMI watchdog: Perf event create on CPU 0 failed with -2
[    0.088043] NMI watchdog: Perf NMI watchdog permanently disabled
[    0.092096] smp: Bringing up secondary CPUs ...
[    0.096192] x86: Booting SMP configuration:
[    0.100007] .... node  #0, CPUs:      #1
[    0.004000] kvm-clock: cpu 1, msr 0:3ff44041, secondary cpu clock
[    0.004000] mce: CPU supports 0 MCE banks
[    0.112044] smp: Brought up 1 node, 2 CPUs
[    0.116009] smpboot: Max logical packages: 1
[    0.120009] smpboot: Total of 2 processors activated (9983.99 BogoMIPS)
[    0.124352] devtmpfs: initialized
[    0.128065] x86/mm: Memory block size: 128MB
[    0.132129] evm: security.selinux
[    0.136002] evm: security.SMACK64
[    0.137078] evm: security.SMACK64EXEC
[    0.140010] evm: security.SMACK64TRANSMUTE
[    0.144006] evm: security.SMACK64MMAP
[    0.148007] evm: security.apparmor
[    0.152005] evm: security.ima
[    0.156005] evm: security.capability
[    0.160114] clocksource: jiffies: mask: 0xffffffff max_cycles: 0xffffffff, max_idle_ns: 7645041785100000 ns
[    0.164018] futex hash table entries: 512 (order: 3, 32768 bytes)
[    0.165653] pinctrl core: initialized pinctrl subsystem
[    0.172100] RTC time:  4:20:07, date: 04/07/19
[    0.173722] NET: Registered protocol family 16
[    0.176072] audit: initializing netlink subsys (disabled)
[    0.180076] audit: type=2000 audit(1554610807.391:1): state=initialized audit_enabled=0 res=1
[    0.196038] cpuidle: using governor ladder
[    0.200048] cpuidle: using governor menu
[    0.204073] ACPI: bus type PCI registered
[    0.205882] acpiphp: ACPI Hot Plug PCI Controller Driver version: 0.5
[    0.212101] PCI: Using configuration type 1 for base access
[    0.216921] HugeTLB registered 2.00 MiB page size, pre-allocated 0 pages
[    0.220105] ACPI: Added _OSI(Module Device)
[    0.224007] ACPI: Added _OSI(Processor Device)
[    0.228005] ACPI: Added _OSI(3.0 _SCP Extensions)
[    0.232005] ACPI: Added _OSI(Processor Aggregator Device)
[    0.236005] ACPI: Added _OSI(Linux-Dell-Video)
[    0.237282] ACPI: Added _OSI(Linux-Lenovo-NV-HDMI-Audio)
[    0.240008] ACPI: Added _OSI(Linux-HPI-Hybrid-Graphics)
[    0.244429] ACPI: Executed 1 blocks of module-level executable AML code
[    0.253472] ACPI: Interpreter enabled
[    0.256019] ACPI: (supports S0 S5)
[    0.260005] ACPI: Using IOAPIC for interrupt routing
[    0.264194] PCI: Using host bridge windows from ACPI; if necessary, use "pci=nocrs" and report a bug
[    0.268212] ACPI: Enabled 2 GPEs in block 00 to 07
[    0.278726] ACPI: PCI Root Bridge [PCI0] (domain 0000 [bus 00-ff])
[    0.280017] acpi PNP0A03:00: _OSC: OS supports [ASPM ClockPM Segments MSI]
[    0.284046] acpi PNP0A03:00: _OSC: not requesting OS control; OS requires [ExtendedConfig ASPM ClockPM MSI]
[    0.288027] acpi PNP0A03:00: fail to add MMCONFIG information, can't access extended PCI configuration space under this bridge.
[    0.292469] PCI host bridge to bus 0000:00
[    0.296009] pci_bus 0000:00: root bus resource [io  0x0000-0x0cf7 window]
[    0.300011] pci_bus 0000:00: root bus resource [io  0x0d00-0xffff window]
[    0.304010] pci_bus 0000:00: root bus resource [mem 0x000a0000-0x000bffff window]
[    0.308010] pci_bus 0000:00: root bus resource [mem 0x40000000-0xfdffffff window]
[    0.312009] pci_bus 0000:00: root bus resource [bus 00-ff]
[    0.319614] pci 0000:00:01.1: legacy IDE quirk: reg 0x10: [io  0x01f0-0x01f7]
[    0.320008] pci 0000:00:01.1: legacy IDE quirk: reg 0x14: [io  0x03f6]
[    0.324012] pci 0000:00:01.1: legacy IDE quirk: reg 0x18: [io  0x0170-0x0177]
[    0.328009] pci 0000:00:01.1: legacy IDE quirk: reg 0x1c: [io  0x0376]
[    0.352633] pci 0000:00:07.0: quirk: [io  0x4000-0x403f] claimed by PIIX4 ACPI
[    0.356029] pci 0000:00:07.0: quirk: [io  0x4100-0x410f] claimed by PIIX4 SMB
[    0.375773] ACPI: PCI Interrupt Link [LNKA] (IRQs 5 9 10 *11)
[    0.376316] ACPI: PCI Interrupt Link [LNKB] (IRQs 5 9 *10 11)
[    0.380156] ACPI: PCI Interrupt Link [LNKC] (IRQs 5 *9 10 11)
[    0.384159] ACPI: PCI Interrupt Link [LNKD] (IRQs 5 9 10 *11)
[    0.388396] SCSI subsystem initialized
[    0.389556] pci 0000:00:02.0: vgaarb: setting as boot VGA device
[    0.392000] pci 0000:00:02.0: vgaarb: VGA device added: decodes=io+mem,owns=io+mem,locks=none
[    0.392009] pci 0000:00:02.0: vgaarb: bridge control possible
[    0.396003] vgaarb: loaded
[    0.400058] ACPI: bus type USB registered
[    0.404038] usbcore: registered new interface driver usbfs
[    0.408049] usbcore: registered new interface driver hub
[    0.412038] usbcore: registered new device driver usb
[    0.416086] EDAC MC: Ver: 3.0.0
[    0.418359] PCI: Using ACPI for IRQ routing
[    0.420487] NetLabel: Initializing
[    0.424006] NetLabel:  domain hash size = 128
[    0.428006] NetLabel:  protocols = UNLABELED CIPSOv4 CALIPSO
[    0.429320] NetLabel:  unlabeled traffic allowed by default
[    0.432102] clocksource: Switched to clocksource kvm-clock
[    0.476847] VFS:isk quotas dquot_6.6.0
[    0.535566] VFS: Dquot-cache hash table entie: 12 (order 0, 4096 bes)
[    0.754079]AppArmor: Aprmr ilsyte Eabed
[    0.999469] pnp: PnP ACPI init
[    1.001828] pnp: PnP ACPI: found 3 devices

[   .05102 cocksurce:acpi_pm: mask: 0xffffff max_cycles: 0xffffff, max_idle_ns 2085701024 ns[   1.2489]NET:Regiteedprotocol family 
[    1.474784] TP stbliedhash table entries: 8192 (order: 4, 65536 bytes)
[    1.606355] TCP bind hash table entries: 8192 (order: 5, 131072 bytes)
[    1.608212] TCP: Hash tables configured (established 8192 bind 8192)
[   1.610346] UDP hash table entries: 512 (order: 2, 16384 bytes)
[    1.64967] UDPLite hshtaleenries: 2 orer 2 16384 byte)
[    1.986678] NET: Registered protocol family 1
[    1.989267] pci 0000:00:.0 Lmiin dre PI/PCI tranfers
[    2.247686] pi 000:0:1.: Activati IA MA ang workarous[   .57311] pci 0000:00:02.0: ido device with shadowed ROM at [mem 0x000c0000-0x000dffff]
[    2.659435] Unpacking initramfs..

[    2.988815] Freeing initrd memory: 19528K
[    3.006843] platform rtc_cmos: registered platform RTC device (no PNP device found)
[    3.014741] Scanning for low memory corruption every 60 seconds
[    3.017273] Initialise system trusted keyrings
[    3.037026] Key type blacklist registered
[    3.044239] workingset: timestamp_bits=36 max_order=18 bucket_order=0
[    3.075584] zbud: loaded
[    3.091583] squashfs: version 4.0 (2009/01/31) Phillip Lougher
[    3.125250] fuse init (API version 7.26)
[    3.138255] Key type asymmetric registered
[    3.139230] Asymmetric key parser 'x509' registered
[    3.148839] Block layer SCSI generic (bsg) driver version 0.4 loaded (major 246)
[    3.151216] io scheduler noop registered
[    3.172853] io scheduler deadline registered
[    3.183549] io scheduler cfq registered (default)
[    3.203529] ACPI: AC Adapter [AC] (on-line)
[    3.226014] input: Power Button as /devices/LNXSYSTM:00/LNXPWRBN:00/input/input0
[    3.251259] ACPI: Power Button [PWRF]
[    3.253701] input: Sleep Button as /devices/LNXSYSTM:00/LNXSLPBN:00/input/input1
[    3.255712] ACPI: Sleep Button [SLPF]
[    3.279656] ACPI: Battery Slot [BAT0] (battery present)
[    3.285605] Serial: 8250/16550 driver, 32 ports, IRQ sharing enabled
[   .3177]0002 tyS a I/O0x3f8 (irq = 4, base_baud = 115200) is a 16550A

[    3.556128] Linux agpgart interface v0.103
[    3.561031] loop: module loaded
[    3.577927] scsi host0: ata_piix
[    3.579258] scsi host1: ata_piix
[    3.580162] ata1: PATA max UDMA/33 cmd 0x1f0 ctl 0x3f6 bmdma 0xd000 irq 14
[    3.605210] ata2: PATA max UDMA/33 cmd 0x170 ctl 0x376 bmdma 0xd008 irq 15
[    3.646710] libphy: Fixed MDIO Bus: probed
[    3.651568] tun: Universal TUN/TAP device driver, 1.6
[    3.688875] PPP generic driver version 2.4.2
[    3.690283] ehci_hcd: USB 2.0 'Enhanced' Host Controller (EHCI) Driver
[    3.719993] ehci-pci: EHCI PCI platform driver
[    3.721875] ehci-platform: EHCI generic platform driver
[    3.724434] ohci_hcd: USB 1.1 'Open' Host Controller (OHCI) Driver
[    3.735192] ohci-pci: OHCI PCI platform driver
[    3.736558] ohci-platform: OHCI generic platform driver
[    3.744353] uhci_hcd: USB Universal Host Controller Interface driver
[    3.762726] i8042: PNP: PS/2 Controller [PNP0303:PS2K,PNP0f03:PS2M] at 0x60,0x64 irq 1,12
[    3.770801] serio: i8042 KBD port at 0x60,0x64 irq 1
[    3.772117] serio: i8042 AUX port at 0x60,0x64 irq 12
[    3.789765] mousedev: PS/2 mouse device common for all mice
[    3.794252] input: AT Translated Set 2 keyboard as /devices/platform/i8042/serio0/input/input2
[    3.796237] rtc_cmos rtc_cmos: rtc core: registered rtc_cmos as rtc0
[    3.796307] rtc_cmos rtc_cmos: alarms up to one day, 114 bytes nvram
[    3.796319] i2c /dev entries driver
[    3.796326] pcie_mp2_amd: AMD(R) PCI-E MP2 Communication Driver Version: 1.0
[    3.796421] device-mapper: uevent: version 1.0.3
[    3.796538] device-mapper: ioctl: 4.37.0-ioctl (2017-09-20) initialised: dm-devel@redhat.com
[    3.932563] ledtrig-cpu: registered to indicate activity on CPUs
[    3.939151] NET: Registered protocol family 10
[    3.950147] Segment Routing with IPv6
[    3.952147] NET: Registered protocol family 17
[    3.954521] Key type dns_resolver registered
[    3.956751] RAS: Correctable Errors collector initialized.
[    3.959743] sched_clock: Marking stable (3956473842, 0)->(10894223201, -6937749359)
[    3.966192] registered taskstats version 1
[    3.968224] Loading compiled-in X.509 certificates
[    3.980824] Loaded X.509 cert 'Build time autogenerated kernel key: 7211859d1298c08a101905a3cb814e8c7b4bf4a4'
[    3.996942] zswap: loaded using pool lzo/zbud
[    4.032054] tsc: Refined TSC clocksource calibration: 2496.269 MHz
[    4.041789] Key type big_key registered
[    4.041792] Key type trusted registered
[    4.042668] Key type encrypted registered
[    4.042670] AppArmor: AppArmor sha1 policy hashing enabled
[    4.042676] ima: No TPM chip found, activating TPM-bypass! (rc=-19)
[    4.042679] ima: Allocated hash algorithm: sha1
[    4.042690] evm: HMAC attrs: 0x1
[    4.043060]   Magic number: 15:205:312
[    4.053353] rtc_cmos rtc_cmos: setting system clock to 2019-04-07 04:20:11 UTC (1554610811)
[    4.053437] BIOS EDD facility v0.16 2004-Jun-25, 0 devices found
[    4.053437] EDD information not available.
[    4.185712] clocksource: tsc: mask: 0xffffffffffffffff max_cycles: 0x23fb7549c34, max_idle_ns: 440795317643 ns
[    4.214439] Freeing unused kernel memory: 2408K
[    4.272119] Write protecting the kernel read-only data: 20480k
[    4.294551] Freeing unused kernel memory: 2008K
[    4.302223] Freeing unused kernel memory: 1892K
[    4.336887] x86/mm: Checked W+X mappings: passed, no W+X pages found.
[    4.377317] x86/mm: Checking user space page tables
[    4.420208] x86/mm: Checked W+X mappings: passed, no W+X pages found.
Loading, please wait...
starting version 237
[    4.522403] e1000: Intel(R) PRO/1000 Network Driver - version 7.3.21-k8-NAPI
[    4.524195] e1000: Copyright (c) 1999-2006 Intel Corporation.
[    4.529695] Fusion MPT base driver 3.04.20
[    4.531033] Copyright (c) 1999-2008 LSI Corporation
[    4.559189] AVX2 version of gcm_enc/dec engaged.
[    4.561764] AES CTR mode by8 optimization enabled
[    4.564785] Fusion MPT SPI Host driver 3.04.20
[    4.569492] vboxvideo: loading out-of-tree module taints kernel.
[    4.571018] vboxvideo: module verification failed: signature and/or required key missing - tainting kernel
[    4.752971] input: ImExPS/2 Generic Explorer Mouse as /devices/platform/i8042/serio1/input/input4
[    4.983497] e1000 0000:00:03.0 eth0: (PCI:33MHz:32-bit) 02:ea:7f:4f:2c:ab
[    5.217227] e1000 0000:00:03.0 eth0: Intel(R) PRO/1000 Network Connection
[    5.665187] e1000 0000:00:08.0 eth1: (PCI:33MHz:32-bit) 08:00:27:4b:3d:a5
[    6.650785] e1000 0000:00:08.0 eth1: Intel(R) PRO/1000 Network Connection
[    6.694556] e1000 0000:00:08.0 enp0s8: renamed from eth1
[    6.697098] mptbase: ioc0: Initiating bringup
[    6.716535] e1000 0000:00:03.0 enp0s3: renamed from eth0
[    6.811730] ioc0: LSI53C1030 A0: Capabilities={Initiator}
[    8.076052] scsi host2: ioc0: LSI53C1030 A0, FwRev=00000000h, Ports=1, MaxQ=256, IRQ=20
[    9.046153] scsi 2:0:0:0: Direct-Access     VBOX     HARDDISK         1.0  PQ: 0 ANSI: 5
[    9.599109] [drm] VRAM 01000000
[    9.619247] [TTM] Zone  kernel: Available graphics memory: 504464 kiB
[    9.637513] [TTM] Initializing pool allocator
[    9.654715] [TTM] Initializing DMA pool allocator
[    9.657882] fbcon: vboxdrmfb (fb0) is primary device
[    9.659533] Console: switching to colour frame buffer device 100x37
[    9.716920] vboxvideo 0000:00:02.0: fb0: vboxdrmfb frame buffer device
[    9.748455] scsi target2:0:0: Beginning Domain Validation
[    9.748634] [drm] Initialized vboxvideo 1.0.0 20130823 for 0000:00:02.0 on minor 0
[    9.762921] scsi target2:0:0: Domain Validation skipping write tests
[    9.776748] scsi target2:0:0: Ending Domain Validation
[    9.809462] scsi target2:0:0: asynchronous
[    9.815089] scsi 2:0:1:0: Direct-Access     VBOX     HARDDISK         1.0  PQ: 0 ANSI: 5
[   10.161330] scsi target2:0:1: Beginning Domain Validation
[   10.664997] random: fast init done
[   10.675278] scsi target2:0:1: Domain Validation skipping write tests
[   10.701990] scsi target2:0:1: Ending Domain Validation
[   10.751512] scsi target2:0:1: asynchronous
[   11.000370] random: systemd-udevd: uninitialized urandom read (16 bytes read)
[   11.000486] sd 2:0:0:0: Attached scsi generic sg0 type 0
[   11.083281] random: systemd-udevd: uninitialized urandom read (16 bytes read)
[   11.110268] random: systemd-udevd: uninitialized urandom read (16 bytes read)
[   11.110340] sd 2:0:1:0: Attached scsi generic sg1 type 0
[   11.138906] sd 2:0:0:0: [sda] 20971520 512-byte logical blocks: (10.7 GB/10.0 GiB)
[   11.138987] sd 2:0:0:0: [sda] Write Protect is off
[   11.139129] sd 2:0:1:0: [sdb] 20480 512-byte logical blocks: (10.5 MB/10.0 MiB)
[   11.139189] sd 2:0:1:0: [sdb] Write Protect is off
[   11.139202] sd 2:0:0:0: [sda] Incomplete mode parameter data
[   11.139203] sd 2:0:0:0: [sda] Assuming drive cache: write through
[   11.139309] sd 2:0:1:0: [sdb] Incomplete mode parameter data
[   11.139310] sd 2:0:1:0: [sdb] Assuming drive cache: write through
[   11.141986]  sda: sda1
[   11.142795] sd 2:0:0:0: [sda] Attached SCSI disk
[   11.143184] sd 2:0:1:0: [sdb] Attached SCSI disk
Begin: Loading essential drivers ... [   11.472031] raid6: sse2x1   gen() 11633 MB/s
[   11.544183] raid6: sse2x1   xor()  9185 MB/s
[   11.612150] raid6: sse2x2   gen() 12179 MB/s
[   11.660513] raid6: sse2x2   xor()  4508 MB/s
[   11.711375] raid6: sse2x4   gen() 18952 MB/s
[   11.760489] raid6: sse2x4   xor() 10329 MB/s
[   11.841097] raid6: avx2x1   gen() 28855 MB/s
[   11.904429] raid6: avx2x1   xor() 17859 MB/s
[   11.952425] raid6: avx2x2   gen() 31629 MB/s
[   12.016229] raid6: avx2x2   xor() 19399 MB/s
[   12.088507] raid6: avx2x4   gen() 35152 MB/s
[   12.160493] raid6: avx2x4   xor() 21145 MB/s
[   12.201402] raid6: using algorithm avx2x4 gen() 35152 MB/s
[   12.243304] raid6: .... xor() 21145 MB/s, rmw enabled
[   12.255958] raid6: using avx2x2 recovery algorithm
[   12.307119] xor: automatically using best checksumming function   avx       
[   12.353261] async_tx: api initialized (async)
done.
Begin: Running /scripts/init-premount ... done.
Begin: Mounting root file system ... Begin: Running /scripts/local-top ... done.
Begin: Running /scripts/local-premount ... [   12.406052] Btrfs loaded, crc32c=crc32c-intel
Scanning for Btrfs filesystems
done.
Warning: fsck not present, so sk[   12.459231] EXT4-fs (sda1): mounted filesystem with ordered data mode. Opts: (null)
ipping root file system
done.
Begin: Running /scripts/local-bottom ... done.
Begin: Running /scripts/init-bottom ... done.
[   13.087560] ip_tables: (C) 2000-2006 Netfilter Core Team
[   13.168902] systemd[1]: systemd 237 running in system mode. (+PAM +AUDIT +SELINUX +IMA +APPARMOR +SMACK +SYSVINIT +UTMP +LIBCRYPTSETUP +GCRYPT +GNUTLS +ACL +XZ +LZ4 +SECCOMP +BLKID +ELFUTILS +KMOD -IDN2 +IDN -PCRE2 default-hierarchy=hybrid)
[   13.261311] systemd[1]: Detected virtualization oracle.
[   13.263065] systemd[1]: Detected architecture x86-64.

Welcome to [1mUbuntu 18.04.2 LTS[0m!

[   13.283580] systemd[1]: Set hostname to <ubuntu-bionic>.
[   13.851424] systemd[1]: Created slice System Slice.
[[0;32m  OK  [0m] Created slice System Slice.
[   13.859251] systemd[1]: Listening on LVM2 poll daemon socket.
[[0;32m  OK  [0m] Listening on LVM2 poll daemon socket.
[   13.877153] systemd[1]: Listening on udev Control Socket.
[[0;32m  OK  [0m] Listening on udev Control Socket.
[   13.913373] systemd[1]: Listening on Journal Socket (/dev/log).
[[0;32m  OK  [0m] Listening on Journal Socket (/dev/log).
[   13.964840] systemd[1]: Listening on LVM2 metadata daemon socket.
[[0;32m  OK  [0m] Listening on LVM2 metadata daemon socket.
[   14.012381] systemd[1]: Listening on udev Kernel Socket.
[[0;32m  OK  [0m] Listening on udev Kernel Socket.
[[0;32m  OK  [0m] Listening on Network Service Netlink Socket.
[[0;32m  OK  [0m] Reached target User and Group Name Lookups.
[[0;32m  OK  [0m] Created slice User and Session Slice.
[[0;32m  OK  [0m] Reached target Slices.
[[0;32m  OK  [0m] Reached target Swap.
[[0;32m  OK  [0m] Set up automount Arbitrary Executabâ€¦rmats File System Automount Point.
[[0;32m  OK  [0m] Reached target System Time Synchronized.
[[0;32m  OK  [0m] Listening on Device-mapper event daemon FIFOs.
[[0;32m  OK  [0m] Created slice system-serial\x2dgetty.slice.
[[0;32m  OK  [0m] Started Forward Password Requests to Wall Directory Watch.
[[0;32m  OK  [0m] Listening on Journal Audit Socket.
[[0;32m  OK  [0m] Listening on Syslog Socket.
[[0;32m  OK  [0m] Listening on /dev/initctl Compatibility Named Pipe.
[[0;32m  OK  [0m] Listening on Journal Socket.
         Starting udev Coldplug all Devices...
         Starting Remount Root and Kernel File Systems...
[   14.507820] random: crng init done
[   14.508813] random: 7 urandom warning(s) missed due to ratelimiting
         Mounting Huge Pages File System...
         Mounting POSIX Message Queue File System...
         Starting Create list of required stâ€¦ce nodes for the current kernel...
         Starting Load Kernel Modules...
         Starting Set the console keyboard layout...
         Starting Uncomplicated [   14.608336] Loading iSCSI transport class v2.0-870.
firewall...
[   14.680195] iscsi: registered transport (tcp)
         Startin[   14.745766] EXT4-fs (sda1): re-mounted. Opts: (null)
g Journal Service...
         Mounting Kernel Debug File Syste[   14.833174] iscsi: registered transport (iser)
m...
         Starting Monitoring of LVM2 mirrorsâ€¦ng dmeventd or progress polling...
[[0;32m  OK  [0m] Started Journal Service.
[[0;32m  OK  [0m] Started Remount Root and Kernel File Systems.
[[0;32m  OK  [0m] Mounted Huge Pages File System.
[[0;32m  OK  [0m] Mounted POSIX Message Queue File System.
[[0;32m  OK  [0m] Started Create list of required staâ€¦vice nodes for the current kernel.
[[0;32m  OK  [0m] Started Load Kernel Modules.
[[0;32m  OK  [0m] Started Set the console keyboard layout.
[[0;32m  OK  [0m] Started Uncomplicated firewall.
[[0;32m  OK  [0m] Mounted Kernel Debug File System.
[[0;32m  OK  [0m] Started udev Coldplug all Devices.
[[0;32m  OK  [0m] Started LVM2 metadata daemon.
         Mounting FUSE Control File System...
         Starting Apply Kernel Variables...
         Mounting Kernel Configuration File System...
         Starting Create Static Device Nodes in /dev...
         Starting Load/Save Random Seed...
         Starting Initial cloud-init job (pre-networking)...
         Starting Flush Journal to Persistent Storage...
[[0;32m  OK  [0m] Started Monitoring of LVM2 mirrors,â€¦sing dmeventd or progress polling.
[[0;32m  OK  [0m] Mounted FUSE Control File System.
[[0;32m  OK  [0m] Started Apply Kernel Variables.
[[0;32m  OK  [0m] Mounted Kernel Configuration File System.
[[0;32m  OK  [0m] Started Create Static Device Nodes in /dev.
[[0;32m  OK  [0m] Started Load/Save Random Seed.
         Starting udev Kernel Device Manager...
[[0;32m  OK  [0m] Reached target Local File Systems (Pre).
[[0;32m  OK  [0m] Reached target Local File Systems.
         Starting ebtables ruleset management...
         Starting AppArmor initialization...
         Starting Tell Plymouth To Write Out Runtime Data...
         Starting Set console font and keymap...
[[0;32m  OK  [0m] Started udev Kernel Device Manager.
[[0;32m  OK  [0m] Started Dispatch Password Requests to Console Directory Watch.
[[0;32m  OK  [0m] Reached target Local Encrypted Volumes.
[[0;32m  OK  [0m] Started Tell Plymouth To Write Out Runtime Data.
[[0;32m  OK  [0m] Started Set console font and keymap.
[[0;32m  OK  [0m] Started Flush Journal to Persistent Storage.
         Starting Create Volatile Files and Directories...
[[0;32m  OK  [0m] Started Create Volatile Files and Directories.
[[0;32m  OK  [0m] Started ebtables ruleset management.
[[0;32m  OK  [0m] Found device /dev/ttyS0.
         Starting Update UTMP about System Boot/Shutdown...
[[0;32m  OK  [0m] Listening on Load/Save RF Kill Switch Status /dev/rfkill Watch.
[[0;32m  OK  [0m] Started Update UTMP about System Boot/Shutdown.
[[0;32m  OK  [0m] Started AppArmor initialization.
[   16.853121] cloud-init[411]: Cloud-init v. 18.5-45-g3554ffe8-0ubuntu1~18.04.1 running 'init-local' at Sun, 07 Apr 2019 04:20:24 +0000. Up 16.64 seconds.
[[0;32m  OK  [0m] Started Initial cloud-init job (pre-networking).
[[0;32m  OK  [0m] Reached target Network (Pre).
         Starting Network Service...
[[0;32m  OK  [0m] Started Network Service.
         Starting Wait for Network to be Configured...
         Starting Network Name Resolution...
[[0;32m  OK  [0m] Started Network Name Resolution.
[[0;32m  OK  [0m] Reached target Network.
[[0;32m  OK  [0m] Reached target Host and Network Name Lookups.
[[0;32m  OK  [0m] Started Wait for Network to be Configured.
         Starting Initial cloud-init job (metadata service crawler)...
[   19.247215] cloud-init[705]: Cloud-init v. 18.5-45-g3554ffe8-0ubuntu1~18.04.1 running 'init' at Sun, 07 Apr 2019 04:20:26 +0000. Up 19.03 seconds.
[   19.288579] cloud-init[705]: ci-info: ++++++++++++++++++++++++++++++++++++++Net device info+++++++++++++++++++++++++++++++++++++++
[   19.301549] cloud-init[705]: ci-info: +--------+------+-----------------------------+---------------+--------+-------------------+
[   19.326313] cloud-init[705]: ci-info: | Device |  Up  |           Address           |      Mask     | Scope  |     Hw-Address    |
[   19.330410] cloud-init[705]: ci-info: +--------+------+-----------------------------+---------------+--------+-------------------+
[   19.344386] cloud-init[705]: ci-info: | enp0s3 | True |          10.0.2.15          | 255.255.255.0 | global | 02:ea:7f:4f:2c:ab |
[   19.355280] cloud-init[705]: ci-info: | enp0s3 | True |  fe80::ea:7fff:fe4f:2cab/64 |       .       |  link  | 02:ea:7f:4f:2c:ab |
[   19.369025] cloud-init[705]: ci-info: | enp0s8 | True |        192.168.33.10        | 255.255.255.0 | global | 08:00:27:4b:3d:a5 |
[   19.412697] cloud-init[705]: ci-info: | enp0s8 | True | fe80::a00:27ff:fe4b:3da5/64 |       .       |  link  | 08:00:27:4b:3d:a5 |
[   19.444418] cloud-init[705]: ci-info: |   lo   | True |          127.0.0.1          |   255.0.0.0   |  host  |         .         |
[   19.508399] cloud-init[705]: ci-info: |   lo   | True |           ::1/128           |       .       |  host  |         .         |
[[0;32m  OK  [0m[   19.540400] cloud-init[705]: ci-info: +--------+------+-----------------------------+---------------+--------+-------------------+
[   19.542437] cloud-init[705]: ci-info: +++++++++++++++++++++++++++++Route IPv4 info+++++++++++++++++++++++++++++
[   19.542493] cloud-init[705]: ci-info: +-------+--------------+----------+-----------------+-----------+-------+
[   19.542545] cloud-init[705]: ci-info: | Route | Destination  | Gateway  |     Genmask     | Interface | Flags |
[   19.542591] cloud-init[705]: ci-info: +-------+--------------+----------+-----------------+-----------+-------+
[   19.542669] cloud-init[705]: ci-info: |   0   |   0.0.0.0    | 10.0.2.2 |     0.0.0.0     |   enp0s3  |   UG  |
[   19.542763] cloud-init[705]: ci-info: |   1   |   10.0.2.0   | 0.0.0.0  |  255.255.255.0  |   enp0s3  |   U   |
[   19.542806] cloud-init[705]: ci-info: |   2   |   10.0.2.2   | 0.0.0.0  | 255.255.255.255 |   enp0s3  |   UH  |
[   19.542841] cloud-init[705]: ci-info: |   3   | 192.168.33.0 | 0.0.0.0  |  255.255.255.0  |   enp0s8  |   U   |
[   19.542874] cloud-init[705]: ci-info: +-------+--------------+----------+-----------------+-----------+-------+
[   19.542991] cloud-init[705]: ci-info: +++++++++++++++++++Route IPv6 info+++++++++++++++++++
[   19.543041] cloud-init[705]: ci-info: +-------+-------------+---------+-----------+-------+
[   19.543088] cloud-init[705]: ci-info: | Route | Destination | Gateway | Interface | Flags |
[   19.543134] cloud-init[705]: ci-info: +-------+-------------+---------+-----------+-------+
[   19.543174] cloud-init[705]: ci-info: |   1   |  fe80::/64  |    ::   |   enp0s8  |   U   |
[   19.543202] cloud-init[705]: ci-info: |   2   |  fe80::/64  |    ::   |   enp0s3  |   U   |
[   19.543241] cloud-init[705]: ci-info: |   4   |    local    |    ::   |   enp0s3  |   U   |
[   19.543272] cloud-init[705]: ci-info: |   5   |    local    |    ::   |   enp0s8  |   U   |
[   19.543311] cloud-init[705]: ci-info: |   6   |   ff00::/8  |    ::   |   enp0s8  |   U   |
[   19.543348] cloud-init[705]: ci-info: |   7   |   ff00::/8  |    ::   |   enp0s3  |   U   |
[   19.543389] cloud-init[705]: ci-info: +-------+-------------+---------+-----------+-------+
] Started Initial cloud-init job (metadata service crawler).
[[0;32m  OK  [0m] Reached target Cloud-config availability.
[[0;32m  OK  [0m] Reached target System Initialization.
[[0;32m  OK  [0m] Listening on Open-iSCSI iscsid Socket.
[[0;32m  OK  [0m] Started Daily apt download activities.
[[0;32m  OK  [0m] Listening on UUID daemon activation socket.
         Starting Socket activation for snappy daemon.
[[0;32m  OK  [0m] Started ACPI Events Check.
[[0;32m  OK  [0m] Started Discard unused blocks once a week.
[[0;32m  OK  [0m] Started Daily apt upgrade and clean activities.
[[0;32m  OK  [0m] Reached target Paths.
[[0;32m  OK  [0m] Listening on D-Bus System Message Bus Socket.
         Starting LXD - unix socket.
[[0;32m  OK  [0m] Started Daily Cleanup of Temporary Directories.
[[0;32m  OK  [0m] Started Message of the Day.
[[0;32m  OK  [0m] Reached target Timers.
[[0;32m  OK  [0m] Listening on ACPID Listen Socket.
[[0;32m  OK  [0m] Reached target Network is Online.
[[0;32m  OK  [0m] Reached target Remote File Systems (Pre).
[[0;32m  OK  [0m] Reached target Remote File Systems.
         Starting Availability of block devices...
[[0;32m  OK  [0m] Listening on Socket activation for snappy daemon.
[[0;32m  OK  [0m] Listening on LXD - unix socket.
[[0;32m  OK  [0m] Started Availability of block devices.
[[0;32m  OK  [0m] Reached target Sockets.
[[0;32m  OK  [0m] Reached target Basic System.
         Starting LSB: Record successful boot for GRUB...
[[0;32m  OK  [0m] Started FUSE filesystem for LXC.
         Starting Permit User Sessions...
         Starting LSB: automatic crash report generation...
[[0;32m  OK  [0m] Started D-Bus System Message Bus.
[[0;32m  OK  [0m] Started irqbalance daemon.
         Starting Login Service...
[[0;32m  OK  [0m] Started Deferred execution scheduler.
         Starting Dispatcher daemon for systemd-networkd...
         Starting Accounts Service...
         Starting vboxadd.service...
[[0;32m  OK  [0m] Started Regular background program processing daemon.
         Starting LXD - container startup/shutdown...
         Starting OpenBSD Secure Shell server...
         Starting System Logging Service...
         Starting Snappy daemon...
[[0;32m  OK  [0m] Started System Logging Service.
[[0;32m  OK  [0m] Started Permit User Sessions.
[[0;32m  OK  [0m] Started Login Service.
[[0;32m  OK  [0m] Started OpenBSD Secure Shell server.
[[0;32m  OK  [0m] Started Dispatcher daemon for systemd-networkd.
         Starting Authorization Manager...
[[0;32m  OK  [0m] Started Unattended Upgrades Shutdown.
         Starting Hold until boot process finishes up...
         Starting Terminate Plymouth Boot Screen...
[[0;32m  OK  [0m] Started Hold until boot process finishes up.
         Starting Set console scheme...
[[0;32m  OK  [0m] Started Serial Getty on ttyS0.
[[0;32m  OK  [0m] Started Terminate Plymouth Boot Screen.
[[0;32m  OK  [0m] Started Authorization Manager.
[[0;32m  OK  [0m] Started Set console scheme.
[[0;32m  OK  [0m] Started Accounts Service.
[[0;32m  OK  [0m] Started LSB: automatic crash report generation.
[[0;32m  OK  [0m] Created slice system-getty.slice.
[[0;32m  OK  [0m] Started Getty on tty1.
[[0;32m  OK  [0m] Reached target Login Prompts.
[[0;32m  OK  [0m] Started LSB: Record successful boot for GRUB.
[[0;32m  OK  [0m] Started Snappy daemon.
         Starting Wait until snapd is fully seeded...
[[0;32m  OK  [0m] Started LXD - container startup/shutdown.
[[0;32m  OK  [0m] Created slice User Slice of vagrant.
[[0;32m  OK  [0m] Started Wait until snapd is fully seeded.
[[0;32m  OK  [0m] Started Session 1 of user vagrant.
         Starting Apply the settings specified in cloud-config...
         Starting User Manager for UID 1000...
[[0;32m  OK  [0m] Started vboxadd.service.
         Starting vboxadd-service.service...
[[0;32m  OK  [0m] Started User Manager for UID 1000.
[[0;32m  OK  [0m] Started vboxadd-service.service.
[[0;32m  OK  [0m] Reached target Multi-User System.
[[0;32m  OK  [0m] Reached target Graphical Interface.
         Starting Update UTMP about System Runlevel Changes...
[[0;32m  OK  [0m] Started Update UTMP about System Runlevel Changes.
[   21.641896] cloud-init[1067]: Cloud-init v. 18.5-45-g3554ffe8-0ubuntu1~18.04.1 running 'modules:config' at Sun, 07 Apr 2019 04:20:28 +0000. Up 21.53 seconds.
[[0;32m  OK  [0m] Started Apply the settings specified in cloud-config.
         Starting Execute cloud user/final scripts...
[   22.207492] cloud-init[1202]: Cloud-init v. 18.5-45-g3554ffe8-0ubuntu1~18.04.1 running 'modules:final' at Sun, 07 Apr 2019 04:20:29 +0000. Up 22.09 seconds.
[   22.226204] cloud-init[1202]: Cloud-init v. 18.5-45-g3554ffe8-0ubuntu1~18.04.1 finished at Sun, 07 Apr 2019 04:20:29 +0000. Datasource DataSourceNoCloud [seed=/dev/sdb][dsmode=net].  Up 22.19 seconds
[[0;32m  OK  [0m] Started Execute cloud user/final scripts.
         Starting Daily apt download activities...
[[0;32m  OK  [0m] Reached target Cloud-init target.
[[0;32m  OK  [0m] Stopped Wait for Network to be Configured.
         Stopping Network Service...
         Starting Network Service...
[[0;32m  OK  [0m] Started Network Service.
         Stopping User Manager for UID 1000...
[[0;32m  OK  [0m] Stopped User Manager for UID 1000.
[[0;32m  OK  [0m] Removed slice User Slice of vagrant.

Ubuntu 18.04.2 LTS ubuntu-bionic ttyS0

ubuntu-bionic login: 