[    0.000000] Linux version 4.15.0-47-generic (buildd@lgw01-amd64-01) (gcc version .3.0 (Ubuntu 7.3.0-16ubuntu3)) #50-Ubuntu SMP Wed Mar 13 10:44:2 UTC 219(Ubunu .15.0-47.50-generic 4.15.18)[     00000] Command line: BOTIMAGE=/boot/vmlinuz.15.0-4geeric root=LABL=cloudimg-rootfs ro console=tty1 console=ttyS0
[    0.000000] KERNL supported cpus:
[    0.000000]   Intl GenuineIntel
[   0.00000]   AMDAuthenticAMD
[    0.000000]   Centaur CentaurHauls
[   0.000000] x86/fp: uporting XSAVE feature 0x001: 'x7 loatingpointregisters'
[    0.0000]x86/fpu: Supporting XSAVE featre 0x002: 'SSE registers'
[    0.0000] x86/fpuSupporting XSAVE feature 0x004: AV registers'
[    0.000000] x86pu  xstate_oset[2]:  576, xstate_sizes[2]:  256
[    0.000000] x86/fpu: Enabled xstate features 0x7, context size is 832 bytes, using 'standard' format.
[    0.000000] e820: BIOS-provided physical RAM map:
[    0.000000] BIOS-e820: [mem 0x0000000000000000-0x000000000009fff] usble
[    0.0000] BIOS-e820: [mem 0x0000000009fc00-00000000009ffff] reserved
[    0.000000] BIOS-e820: [mem 0x00000000f0000-x00000000ffff] reserved

[    0.000000 BIOS-820: [mem 0x0000000000100000-0x000000003ffeffff] usable
[    0.000000] BIOS-e820: [mem 0x000000003fff0000-0x000000003fffffff] ACPI data
[    0.000000] BIOS-e820: [mem 0x00000000fec00000-0x00000000fec00fff] reserved
[    0.000000] BIOS-e820: [mem 0x00000000fee00000-0x00000000fee00fff] reserved
[    0.000000] BIOS-e820: [mem 0x00000000fffc0000-0x00000000ffffffff] reserved
[    0.000000] NX (Execute Disable) protection: active
[    0.000000] SMBIOS 2.5 present.
[    0.000000] DMI: innotek GmbH VirtualBox/ViirtalBo, BIO Vrtualx 12/01/2006
[    0.000000] Hypervisor detected: KVM
[   0.000000] e820: last_pfn = 0x3fff0 max_arch_pfn = 0x40000000    0.000000 MTR: Disabled
[    0.000000] x86/PAT: MTRRs disaled, skipping PAT initialization too.
[    0.000000] CPU MTRRs all blank - virtualized system.
[    0.000000] x86/PAT: Configuration [0-7]: WB  WT  UC- UC  WB  WT  UC- UC  
[    0.000000] found SMP MP-table at [mem 0x0009fff0-0x0009ffff] mapped at [        (ptrval)]
[    0.000000] Scanning 1 areas for low memory corruption
[    0.000000] RAMDISK: [mem 0x35adf000-0x36d66fff]
[    0.000000] ACPI: Early table checksum verification disabled
[    0.000000] ACPI: RSDP 0x00000000000E0000 000024 (v02 VBOX  )
[    0.000000] ACPI: XSDT 0x000000003FFF0030 00003C (v01 VBOX   VBOXXSDT 00000001ASL  00000061)
[    0.000000] ACPI: FACP 0x000000003FFF00F0 0000F4 (v04 VBOX   VBOXFACP 00000001 ASL  00000061)
[    0.000000] ACPI: DSDT 0x000000003FFF0470 0021FF (v02 VBOX   VBOXBIOS 00000002 INTL 20100528)
[    0.000000] ACPI: FACS 0x000000003FFF0200 000040
[    0.000000] ACPI: FACS 0x000000003FFF0200 000040
[    0.000000] ACPI: APIC 0x000000003FFF0240 00005C (v02 VBOX   VBOXAPIC 00000001 ASL  00000061)
[    0.000000] ACPI: SSDT 0x000000003FFF02A0 0001CC (v01 VBOX   VBOXCPUT 00000002 INTL 20100528)
[    0.000000] No NUMA configuration found
[    0.000000] Faking a node at [mem 0x0000000000000000-0x000000003ffeffff]
[    0.000000] NODE_DATA(0) allocated [mem 0x3ffc5000-0x3ffeffff]
[    0.000000] kvm-clock: cpu 0, msr 0:3ff44001, primary cpu clock
[    0.000000] kvm-clock: Using msrs 4b564d01 and 4b564d00
[    0.000000] kvm-clock: usiing sched offset of 3896621810 cycles
[    0.000000] clocksource: kvm-clock: mask: 0xffffffffffffffff max_cycles: 0x1cd42e4dffb, max_idle_ns: 881590591483 ns
[    0.000000] Zone ranges:
[    0.000000]   DMA      [mem 0x0000000000001000-0x0000000000ffffff]
[    0.000000]   DMA2    [mem 0x0000000001000000-0x000000003ffeffff]
[    0.000000]   Normal   empty
[    0.000000]   Device   empty
[    0.000000] Movable zone start for each node
[    0.000000] Early memory node ranges
[    0.000000]   node   0: [mem 0x0000000000001000-0x000000000009efff]
[    0.000000]   node   0: [mem 0x0000000000100000-0x000000003ffeffff]
[    0.000000] Reserved but unavailable: 114 pages
[    0000000] Initmem setup node 0 [mem 0x0000000000001000-0x000000003ffeffff]
[    0.000000] ACPI: PM-Timer IO Port: 0x4008
[    0.000000] IOAPIC[0]: apic_id 2, version 32, address 0xfec00000, GSI 0-23
[    0.000000] ACPI: INT_SRC_OVR (bus 0 bus_irq 0 global_irq 2 dfl dfl)
[    0.000000] ACPI: INT_SRC_OVR (bus 0 bus_irq 9 global_irq 9 low level)
[    0.000000] Using ACPI (MADT) for SMP configuration information
[    0.000000] smpboot: Allowing 2 CPUs, 0 hotplug CPUs
[    0.000000] PM: Registered nosave memory: [mem 0x00000000-0x00000fff]
[    0.000000] PM: Registered nosave memory: [mem 0x0009f000-0x0009ffff]
[    0.000000] PM: Registered nosave memory: [mem 0x000a0000-0x000effff]
[    0.000000] PM: Registered nosave memory: [mem 0x000f0000-0x000fffff]
[    0.000000] e820: [mem 0x40000000-0xfebfffff] available for PCI devices
[    0.000000] Booting paravirtualized kernel on KVM
[    0.000000] clocksource: refined-jiffies: mask: 0xffffffff max_cycles: xffffffff, max_idle_ns: 7645519600211568 ns
[    0.000000] random: get_random_bytes called from start_kernel+0x99/0x4fd with crng_init=0
[    0.000000] setup_percpu: NR_CPUS:8192 nr_cpumask_bits:2 nr_cpu_ids:2 nr_node_ids:1
[    0.000000] percpu: Embedded 46 pages/cpu @        (ptrval) s151552 r8192 d28672 u1048576
[    0.000000] PV qspinlock hash table entries: 256 (order: 0, 4096 bytes)
[    0.000000] Built 1 zonelists, mobility grouping on  Toal pages: 257913
[    0.000000] Policy zone: DMA32
[    0.000000] Kernel command line: BOOT_IMAGE=/boot/vmlinuz-4.15.0-47-generic root=LABEL=cloudimg-rootfs ro console=tty1  console=ttyS0
[    0.000000] Memory: 983608K/1048120K available (12300K kernel code, 2473K rwdata, 4252K rodata, 2408K init, 2416K bss, 64512K reserved, 0K cma-reserved)
[    0.000000] SLUB: Walign=64, Order=0-3, MinObjects=0, CPUs=2, Nodes=1
[    0.000000] Kernel/User page tables isolation: enabled
[    0.000000] ftrace: allocating 39206 entries in 154 pages
[    0.004000] Hierarchical RCU implementation.
[    0.004000] 	RCU restricting CPUs from NR_CPUS=8192 to nr_cpu_ids=2.
[    0.004000] 	Tasks RCU enabled.
[    0.004000] RCU: Adjusting geometry for rcu_fanout_leaf=16, nr_cpu_ids=2
[    0.004000] NR_IRQS: 524544, nr_irqs: 440, preallocated irqs: 16
[    0.004000] Console: colour VGA+ 80x25
[    0.004000] console [tty1] enabled
[    0.004000] console [ttyS0] enabled
[    0.004000] ACPI: Core revision 20170831
[    0.004000] ACPI: 2 ACPI AML tables successfully acquired and loaded
[    0.004000] APIC: Switch to symmetric I/O mode setup
[    0.004000] x2apic enabled
[    0.004000] Switched APIC routing to physical x2apic.
[    0.004000] ..TIMER: vector=0x30 apic1=0 pin1=2 apic2=-1 pin2=-1
[    0.004004] tsc: Detected 2495.998 MHz processor
[    0.005365] Calibrating delay loop (skipped) preset value.. 4991.99 BogoMIPS (lpj=9983992)
[    0.008003] pid_max: default: 32768 minimum: 301
[    0.012154] Security Framework initialized
[    0.013404] Yama: becoming mindful.
[    0.016020] AppArmor: AppArmor initialized
[    0.018667] Dentry cache hash table entries: 131072 (order: 8, 1048576 bytes)
[    0.020071] Inode-cache hash table entries: 65536 (order: 7, 524288 bytes)
[    0.024026] Mount-cache hash table entries: 2048 (order: 2, 16384 bytes)
[    0.028010] Mountpoint-cache hash table entries: 2048 (order: 2, 16384 bytes)
[    0.030209] mce: CPU supports 0 MCE banks
[    0.031391] Last level iTLB entries: 4KB 64, 2MB 8, 4MB 8
[    0.032005] Last level dTLB entries: 4KB 64, 2MB 0, 4MB 0, 1GB 4
[    0.036007] Spectre V2 : Mitigation: Full generic retpoline
[    0.040001] Spectre V2 : Spectre v2 / SpectreRSB mitigation: Filling RSB on context switch
[    0.042442] Speculative Store Bypass: Vulnerable
[    0.044080] Freeing SMP alternatives memory: 36K
[    0.048000] smpboot: CPU0: Intel(R) Core(TM) i7-7660U CPU @ 2.50GHz (family: 0x6, model: 0x8e, stepping: 0x9)
[    0.048000] Performance Events: unsupported p6 CPU model 142 no PMU driver, software events only.
[    0.048030] Hierarchical SRCU implementation.
[    0.052521] NMI watchdog: Perf event create on CPU 0 failed with -2
[    0.056006] NMI watchdog: Perf NMI watchdog permanently disabled
[    0.057873] smp: Bringing up secondary CPUs ...
[    0.059295] x86: Booting SMP configuration:
[    0.060003] .... node  #0, CPUs:      #1
[    0.004000] kvm-clock: cpu 1, msr 0:3ff44041, secondary cpu clock
[    0.004000] mce: CPU supports 0 MCE banks
[    0.094514] smp: Brought up 1 node, 2 CPUs
[    0.094514] smpboot: Max logical packages: 1
[    0.096005] smpboot: Total of 2 processors activated (9983.99 BogoMIPS)
[    0.098046] devtmpfs: initialized
[    0.100059] x86/mm: Memory block size: 128MB
[    0.104132] evm: security.selinux
[    0.108002] evm: security.SMACK64
[    0.108982] evm: security.SMACK64EXEC
[    0.110045] evm: security.SMACK64TRANSMUTE
[    0.112005] evm: security.SMACK64MMAP
[    0.116005] evm: security.apparmor
[    0.120002] evm: security.ima
[    0.121046] evm: security.capability
[    0.122184] clocksource: jiffies: mask: 0xffffffff max_cycles: 0xffffffff, max_idle_ns: 7645041785100000 ns
[    0.124016] futex hash table entries: 512 (order: 3, 32768 bytes)
[    0.128080] pinctrl core: initialized pinctrl subsystem
[    0.133571] RTC time:  5:56:51, date: 04/06/19
[    0.136073] NET: Registered protocol family 16
[    0.139228] audit: initializing netlink subsys (disabled)
[    0.140048] audit: type=2000 audit(1554530214.735:1): state=initialized audit_enabled=0 res=1
[    0.140187] cpuidle: using governor ladder
[    0.144006] cpuidle: using governor menu
[    0.145217] ACPI: bus type PCI registered
[    0.146440] acpiphp: ACPI Hot Plug PCI Controller Driver version: 0.5
[    0.148209] PCI: Using configuration type 1 for base access
[    0.152798] HugeTLB registered 2.00 MiB page size, pre-allocated 0 pages
[    0.156092] ACPI: Added _OSI(Module Device)
[    0.160010] ACPI: Added _OSI(Processor Device)
[    0.161286] ACPI: Added _OSI(3.0 _SCP Extensions)
[    0.162657] ACPI: Added _OSI(Processor Aggregator Device)
[    0.164003] ACPI: Added _OSI(Linux-Dell-Video)
[    0.165273] ACPI: Added _OSI(Linux-Lenovo-NV-HDMI-Audio)
[    0.168003] ACPI: Added _OSI(Linux-HPI-Hybrid-Graphics)
[    0.172496] ACPI: Executed 1 blocks of module-level executable AML code
[    0.178669] ACPI: Interpreter enabled
[    0.180013] ACPI: (supports S0 S5)
[    0.180809] ACPI: Using IOAPIC for interrupt routing
[    0.182100] PCI: Using host bridge windows from ACPI; if necessary, use "pci=nocrs" and report a bug
[    0.184212] ACPI: Enabled 2 GPEs in block 00 to 07
[    0.199312] ACPI: PCI Root Bridge [PCI0] (domain 0000 [bus 00-ff])
[    0.200016] acpi PNP0A03:00: _OSC: OS supports [ASPM ClockPM Segments MSI]
[    0.204128] acpi PNP0A03:00: _OSC: not requesting OS control; OS requires [ExtendedConfig ASPM ClockPM MSI]
[    0.208028] acpi PNP0A03:00: fail to add MMCONFIG information, can't access extended PCI configuration space under this bridge.
[    0.216143] PCI host bridge to bus 0000:00
[    0.220008] pci_bus 0000:00: root bus resource [io  0x0000-0x0cf7 window]
[    0.224003] pci_bus 0000:00: root bus resource [io  0x0d00-0xffff window]
[    0.228011] pci_bus 0000:00: root bus resource [mem 0x000a0000-0x000bffff window]
[    0.232009] pci_bus 0000:00: root bus resource [mem 0x40000000-0xfdffffff window]
[    0.236010] pci_bus 0000:00: root bus resource [bus 00-ff]
[    0.241940] pci 0000:00:01.1: legacy IDE quirk: reg 0x10: [io  0x01f0-0x01f7]
[    0.244004] pci 0000:00:01.1: legacy IDE quirk: reg 0x14: [io  0x03f6]
[    0.248008] pci 0000:00:01.1: legacy IDE quirk: reg 0x18: [io  0x0170-0x0177]
[    0.252008] pci 0000:00:01.1: legacy IDE quirk: reg 0x1c: [io  0x0376]
[    0.274286] pci 0000:00:07.0: quirk: [io  0x4000-0x403f] claimed by PIIX4 ACPI
[    0.276037] pci 0000:00:07.0: quirk: [io  0x4100-0x410f] claimed by PIIX4 SMB
[    0.294974] ACPI: PCI Interrupt Link [LNKA] (IRQs 5 9 10 *11)
[    0.296314] ACPI: PCI Interrupt Link [LNKB] (IRQs 5 9 *10 11)
[    0.298111] ACPI: PCI Interrupt Link [LNKC] (IRQs 5 *9 10 11)
[    0.300128] ACPI: PCI Interrupt Link [LNKD] (IRQs 5 9 10 *11)
[    0.302128] SCSI subsystem initialized
[    0.303343] pci 0000:00:02.0: vgaarb: setting as boot VGA device
[    0.303510] pci 0000:00:02.0: vgaarb: VGA device added: decodes=io+mem,owns=io+mem,locks=none
[    0.304015] pci 0000:00:02.0: vgaarb: bridge control possible
[    0.308002] vgaarb: loaded
[    0.308934] ACPI: bus type USB registered
[    0.310212] usbcore: registered new interface driver usbfs
[    0.312008] usbcore: registered new interface driver hub
[    0.313559] usbcore: registered new device driver usb
[    0.316073] EDAC MC: Ver: 3.0.0
[    0.320083] PCI: Using ACPI for IRQ routing
[    0.324436] NetLabel: Initializing
[    0.325444] NetLabel:  domain hash size = 128
[    0.328001] NetLabel:  protocols = UNLABELED CIPSOv4 CALIPSO
[    0.329774] NetLabel:  unlabeled traffic allowed by default
[    0.332179] clocksource: Switched to clocksource kvm-clock
[    0.346007] VFS: Disk quotas dquot_6.6.0
[    0.348440] VFS: Dquot-cache hash table entries: 512 (order 0, 4096 bytes)
[    0.350716] AppArmor: AppArmor Filesystem Enabled
[    0.352193] pnp: PnP ACPI init
[    0.354344] pnp: PnP ACPI: found 3 devices
[    0.368520] clocksource: acpi_pm: mask: 0xffffff max_cycles: 0xffffff, max_idle_ns: 2085701024 ns
[    0.371279] NET: Registered protocol family 2
[    0.374201] TCP established hash table entries: 8192 (order: 4, 65536 bytes)
[    0.377816] TCP bind hash table entries: 8192 (order: 5, 131072 bytes)
[  0.379490] TCP: Hash tables confired (established 8192 bind 8192)
[    0.471960] UDP hash table entries: 512 (order: 2, 16384 bytes)
[    0.473679] UDP-Lite hash table entries: 512 (order: 2, 16384 bytes)
[   0.475645] NET: Registered protocol family 1
[    0.500187] pci 0000:00:00.0: Limiting direct PCI/PCI transfers
[    0.501924] pci 0000:001.0: Activating ISA DMA hang workarounds
[    0.548606] pci 0000:00:02.0: Video device with shadoweROat [mem 0x000c0000-0x000dffff]
[    0.640540] Unpacking initramfs...

[    0.902274] Freeing initrd memory: 18976K
[    0.919269] platform rtc_cmos: registered platform RTC device (no PNP device found)
[    0.950542] Scanning for low memory corruption every 60 seconds
[    1.021368] Initialise system trusted keyrings
[    1.038764] Key type blacklist registered
[    1.045762] workingset: timestamp_bits=36 max_order=18 bucket_order=0
[    1.100717] zbud: loaded
[    1.128864] squashfs: version 4.0 (2009/01/31) Phillip Lougher
[    1.166634] fuse init (API version 7.26)
[    1.171780] Key type asymmetric registered
[    1.173071] Asymmetric key parser 'x509' registered
[    1.174402] Block layer SCSI generic (bsg) driver version 0.4 loaded (major 246)
[    1.185392] io scheduler noop registered
[    1.187225] io scheduler deadline registered
[    1.189920] io scheduler cfq registered (default)
[    1.200027] ACPI: AC Adapter [AC] (off-line)
[    1.203253] input: Power Button as /devices/LNXSYSTM:00/LNXPWRBN:00/input/input0
[    1.216548] ACPI: Power Button [PWRF]
[    1.219334] input: Sleep Button as /devices/LNXSYSTM:00/LNXSLPBN:00/input/input1
[    1.222888] ACPI: Sleep Button [SLPF]
[    1.226393] Serial: 8250/16550 driver, 32 ports, IRQ sharing enabled
[    1.228697] ACPI: Battery Sot[BAT0] (battery prent)[  1.4328000:02: ttyS0atI/O x3f8 (irq = 4 bas_bau = 1520)is a 16550A

[    1.750844] Linux agpgart interface v0.103
[    1.753450] loop: module loaded
[    1.754906] scsi host0: ata_piix
[    1.755804] scsi host1: ata_piix
[    1.756635] ata1: PATA max UDMA/33 cmd 0x1f0 ctl 0x3f6 bmdma 0xd000 irq 14
[    1.758227] ata2: PATA max UDMA/33 cmd 0x170 ctl 0x376 bmdma 0xd008 irq 15
[    1.780886] libphy: Fixed MDIO Bus: probed
[    1.820715] tun: Universal TUN/TAP device driver, 1.6
[    1.877178] PPP generic driver version 2.4.2
[    1.904914] ehci_hcd: USB 2.0 'Enhanced' Host Controller (EHCI) Driver
[    1.934518] tsc: Refined TSC clocksource calibration: 2497.074 MHz
[    1.936626] ehci-pci: EHCI PCI platform driver
[    1.936670] clocksource: tsc: mask: 0xffffffffffffffff max_cycles: 0x23fe6dbd8f9, max_idle_ns: 440795268536 ns
[    1.992270] ehci-platform: EHCI generic platform driver
[    2.019388] ohci_hcd: USB 1.1 'Open' Host Controller (OHCI) Driver
[    2.075008] ohci-pci: OHCI PCI platform driver
[    2.086843] ohci-platform: OHCI generic platform driver
[    2.136929] uhci_hcd: USB Universal Host Controller Interface driver
[    2.161361] i8042: PNP: PS/2 Controller [PNP0303:PS2K,PNP0f03:PS2M] at 0x60,0x64 irq 1,12
[    2.197266] serio: i8042 KBD port at 0x60,0x64 irq 1
[    2.225799] serio: i8042 AUX port at 0x60,0x64 irq 12
[    2.230551] mousedev: PS/2 mouse device common for all mice
[    2.266021] input: AT Translated Set 2 keyboard as /devices/platform/i8042/serio0/input/input2
[    2.282755] rtc_cmos rtc_cmos: rtc core: registered rtc_cmos as rtc0
[    2.285549] rtc_cmos rtc_cmos: alarms up to one day, 114 bytes nvram
[    2.287371] i2c /dev entries driver
[    2.291957] pcie_mp2_amd: AMD(R) PCI-E MP2 Communication Driver Version: 1.0
[    2.302179] device-mapper: uevent: version 1.0.3
[    2.304565] device-mapper: ioctl: 4.37.0-ioctl (2017-09-20) initialised: dm-devel@redhat.com
[    2.318535] ledtrig-cpu: registered to indicate activity on CPUs
[    2.335597] NET: Registered protocol family 10
[    2.349068] Segment Routing with IPv6
[    2.352376] NET: Registered protocol family 17
[    2.367075] Key type dns_resolver registered
[    2.369217] RAS: Correctable Errors collector initialized.
[    2.378734] sched_clock: Marking stable (2378552918, 0)->(5133697586, -2755144668)
[    2.393676] registered taskstats version 1
[    2.424312] Loading compiled-in X.509 certificates
[    2.476490] Loaded X.509 cert 'Build time autogenerated kernel key: 7211859d1298c08a101905a3cb814e8c7b4bf4a4'
[    2.539160] zswap: loaded using pool lzo/zbud
[    2.573467] Key type big_key registered
[    2.588671] Key type trusted registered
[    2.629345] Key type encrypted registered
[    2.656594] AppArmor: AppArmor sha1 policy hashing enabled
[    2.678699] ima: No TPM chip found, activating TPM-bypass! (rc=-19)
[    2.688346] ima: Allocated hash algorithm: sha1
[    2.722019] evm: HMAC attrs: 0x1
[    2.723273]   Magic number: 15:854:920
[    2.730085] rtc_cmos rtc_cmos: setting system clock to 2019-04-06 05:56:54 UTC (1554530214)
[    2.734881] BIOS EDD facility v0.16 2004-Jun-25, 0 devices found
[    2.759646] EDD information not available.
[    2.769215] Freeing unused kernel memory: 2408K
[    2.834685] Write protecting the kernel read-only data: 20480k
[    2.971121] Freeing unused kernel memory: 2008K
[    3.000022] Freeing unused kernel memory: 1892K
[    3.036567] x86/mm: Checked W+X mappings: passed, no W+X pages found.
[    3.038275] x86/mm: Checking user space page tables
[    3.052242] x86/mm: Checked W+X mappings: passed, no W+X pages found.
Loading, please wait...
starting version 237
[    3.155559] e1000: Intel(R) PRO/1000 Network Driver - version 7.3.21-k8-NAPI
[    3.222468] e1000: Copyright (c) 1999-2006 Intel Corporation.
[    3.226930] Fusion MPT base driver 3.04.20
[    3.227946] Copyright (c) 1999-2008 LSI Corporation
[    3.234638] Fusion MPT SPI Host driver 3.04.20
[    3.245868] AVX2 version of gcm_enc/dec engaged.
[    3.247043] AES CTR mode by8 optimization enabled
[    3.438080] input: ImExPS/2 Generic Explorer Mouse as /devices/platform/i8042/serio1/input/input4
[    3.678622] e1000 0000:00:03.0 eth0: (PCI:33MHz:32-bit) 02:ea:7f:4f:2c:ab
[    3.740862] e1000 0000:00:03.0 eth0: Intel(R) PRO/1000 Network Connection
[    3.769211] mptbase: ioc0: Initiating bringup
[    3.868725] ioc0: LSI53C1030 A0: Capabilities={Initiator}
[    4.115827] scsi host2: ioc0: LSI53C1030 A0, FwRev=00000000h, Ports=1, MaxQ=256, IRQ=20
[    4.287239] scsi 2:0:0:0: Direct-Access     VBOX     HARDDISK         1.0  PQ: 0 ANSI: 5
[    5.246107] scsi target2:0:0: Beginning Domain Validation
[    5.690016] scsi target2:0:0: Domain Validation skipping write tests
[    5.705617] scsi target2:0:0: Ending Domain Validation
[    5.726749] scsi target2:0:0: asynchronous
[    5.735568] scsi 2:0:1:0: Direct-Access     VBOX     HARDDISK         1.0  PQ: 0 ANSI: 5
[    6.054325] scsi target2:0:1: Beginning Domain Validation
[    6.082194] random: fast init done
[    6.083559] scsi target2:0:1: Domain Validation skipping write tests
[    6.084119] e1000 0000:00:08.0 eth1: (PCI:33MHz:32-bit) 08:00:27:4b:3d:a5
[    6.084123] e1000 0000:00:08.0 eth1: Intel(R) PRO/1000 Network Connection
[    6.089279] scsi target2:0:1: Ending Domain Validation
[    6.089382] random: systemd-udevd: uninitialized urandom read (16 bytes read)
[    6.089394] random: systemd-udevd: uninitialized urandom read (16 bytes read)
[    6.089396] random: systemd-udevd: uninitialized urandom read (16 bytes read)
[    6.090143] e1000 0000:00:03.0 enp0s3: renamed from eth0
[    6.134593] scsi target2:0:1: asynchronous
[    6.140004] sd 2:0:0:0: Attached scsi generic sg0 type 0
[    6.141950] sd 2:0:0:0: [sda] 20971520 512-byte logical blocks: (10.7 GB/10.0 GiB)
[    6.141999] sd 2:0:1:0: Attached scsi generic sg1 type 0
[    6.142523] sd 2:0:1:0: [sdb] 20480 512-byte logical blocks: (10.5 MB/10.0 MiB)
[    6.142671] sd 2:0:1:0: [sdb] Write Protect is off
[    6.145693] sd 2:0:1:0: [sdb] Incomplete mode parameter data
[    6.145771] sd 2:0:1:0: [sdb] Assuming drive cache: write through
[    6.164836] sd 2:0:1:0: [sdb] Attached SCSI disk
[    6.186988] e1000 0000:00:08.0 enp0s8: renamed from eth1
[    6.208798] sd 2:0:0:0: [sda] Write Protect is off
[    6.216122] sd 2:0:0:0: [sda] Incomplete mode parameter data
[    6.219520] sd 2:0:0:0: [sda] Assuming drive cache: write through
[    6.229900]  sda: sda1
[    6.232061] sd 2:0:0:0: [sda] Attached SCSI disk
Begin: Loading essential drivers ... [    7.680074] raid6: sse2x1   gen()  9134 MB/s
[    7.728407] raid6: sse2x1   xor()  7914 MB/s
[    7.796183] raid6: sse2x2   gen() 13320 MB/s
[    7.861137] raid6: sse2x2   xor()  5127 MB/s
[    7.964175] raid6: sse2x4   gen()  5681 MB/s
[    8.012230] raid6: sse2x4   xor()  8249 MB/s
[    8.060153] raid6: avx2x1   gen() 21605 MB/s
[    8.120383] raid6: avx2x1   xor() 12551 MB/s
[    8.184048] raid6: avx2x2   gen() 24961 MB/s
[    8.252629] raid6: avx2x2   xor() 17535 MB/s
[    8.308040] raid6: avx2x4   gen() 31188 MB/s
[    8.356179] raid6: avx2x4   xor() 20646 MB/s
[    8.357739] raid6: using algorithm avx2x4 gen() 31188 MB/s
[    8.377478] raid6: .... xor() 20646 MB/s, rmw enabled
[    8.393160] raid6: using avx2x2 recovery algorithm
[    8.421557] xor: automatically using best checksumming function   avx       
[    8.434458] async_tx: api initialized (async)
done.
Begin: Running /scripts/init-premount ... done.
Begin: Mounting root file system ... Begin: Running /scripts/local-top ... done.
Begin: Running /scripts/local-premount ... [    8.547488] Btrfs loaded, crc32c=crc32c-intel
Scanning for Btrfs filesystems
done.
Warning: fsck no[    8.579788] EXT4-fs (sda1): mounted filesystem with ordered data mode. Opts: (null)
t present, so skipping root file system
done.
Begin: Running /scripts/local-bottom ... done.
Begin: Running /scripts/init-bottom ... done.
[    8.710287] ip_tables: (C) 2000-2006 Netfilter Core Team
[    8.787350] systemd[1]: systemd 237 running in system mode. (+PAM +AUDIT +SELINUX +IMA +APPARMOR +SMACK +SYSVINIT +UTMP +LIBCRYPTSETUP +GCRYPT +GNUTLS +ACL +XZ +LZ4 +SECCOMP +BLKID +ELFUTILS +KMOD -IDN2 +IDN -PCRE2 default-hierarchy=hybrid)
[    8.909276] systemd[1]: Detected virtualization oracle.
[    8.932791] systemd[1]: Detected architecture x86-64.

Welcome to [1mUbuntu 18.04.2 LTS[0m!

[    9.025184] systemd[1]: Set hostname to <ubuntu>.
[    9.135635] systemd[1]: Initializing machine ID from random generator.
[    9.204124] systemd[1]: Installed transient /etc/machine-id file.
[    9.650635] systemd[1]: Created slice User and Session Slice.
[[0;32m  OK  [0m] Created slice User and Session Slice.
[    9.656280] systemd[1]: Reached target System Time Synchronized.
[[0;32m  OK  [0m] Reached target System Time Synchronized.
[    9.672320] systemd[1]: Reached target Swap.
[[0;32m  OK  [0m] Reached target Swap.
[    9.677025] systemd[1]: Set up automount Arbitrary Executable File Formats File System Automount Point.
[[0;32m  OK  [0m] Set up automount Arbitrary Executabâ€¦rmats File System Automount Point.
[[0;32m  OK  [0m] Reached target User and Group Name Lookups.
[[0;32m  OK  [0m] Created slice System Slice.
[[0;32m  OK  [0m] Listening on Journal Socket.
         Mounting POSIX Message Queue File System...
[[0;32m  OK  [0m] Listening on Journal Audit Socket.
[[0;32m  OK  [0m] Listening on /dev/initctl Compatibility Named Pipe.
[[0;32m  OK  [0m] Listening on Syslog Socket.
[[0;32m  OK  [0m] Listening on Network Service Netlink Socket.
[[0;32m  OK  [0m] Listening on LVM2 poll daemon socket.
         Starting Create list of required stâ€¦ce nodes for the current kernel...
[[0;32m  OK  [0m] Listening on LVM2 metadata daemon socket.
[[0;32m  OK  [0m] Listening on Device-mapper event daemon FIFOs.
[[0;32m  OK  [0m] Reached target Slices.
         Starting Monitoring of LVM2 mirrorsâ€¦ng dmeventd or progress polling...
         Starting Remount Root and Kernel File Systems...
[[0;32m  OK  [0m] Listening on Journal Socket (/dev/log).
         Mounting Kernel Debug File System...
[[0;32m  OK  [0m] Created slice system-serial\x2dgetty.slice.
[[0;32m  OK  [0m] Listening on udev Kernel Socket.
         Starting Load Kernel Modules...
         Starting Journal Service...
[    9.797871] EXT4-fs (sda1): re-mounted. Opts: (null)
         Starting Set the console keyboard layout...
[[0;32m  OK  [0m] Started Forward Password Requests to Wall Directory Watch.
         Mounting Huge Pages File System...
[[0;32m  OK  [0m] Listening on udev Control Socket.
         Starting udev Co[    9.815183] Loading iSCSI transport class v2.0-870.
ldplug all Devices...
         Starting Uncomplicated firewall...
[[0;32m  OK  [0m] Mounted POSIX Message Queue File System.
[[0;32m  OK  [0m] Started Create list of required staâ€¦vice nodes for the current kernel.
[[0;32m  OK  [0m] Started Remount Root and Kernel File Systems.
[[0;32m  OK  [0m] Mounted Kernel Debug File System.
[[0;32m  OK  [0m] Mounted Huge Pages File System.
[[0;32m  OK  [0m] Started LVM2 metadata daemon.
[    9.886668] iscsi: registered transport (tcp)
[    9.908687] iscsi: registered transport (iser)
         Starting Load/Save Random Seed...
         Starting Initial cloud-init job (pre-networking)...
         Starting Create Static Device Nodes in /dev...
[[0;32m  OK  [0m] Started Journal Service.
[[0;32m  OK  [0m] Started Load Kernel Modules.[   10.030440] random: crng init done
[   10.035182] random: 7 urandom warning(s) missed due to ratelimiting

[[0;32m  OK  [0m] Started Uncomplicated firewall.
[[0;32m  OK  [0m] Started Create Static Device Nodes in /dev.
[[0;32m  OK  [0m] Started Load/Save Random Seed.
[[0;32m  OK  [0m] Started Monitoring of LVM2 mirrors,â€¦sing dmeventd or progress polling.
[[0;32m  OK  [0m] Started Set the console keyboard layout.
[[0;32m  OK  [0m] Started udev Coldplug all Devices.
         Starting udev Kernel Device Manager...
[[0;32m  OK  [0m] Reached target Local File Systems (Pre).
[[0;32m  OK  [0m] Reached target Local File Systems.
         Starting ebtables ruleset management...
         Starting Commit a transient machine-id on disk...
         Starting Set console font and keymap...
         Starting Tell Plymouth To Write Out Runtime Data...
         Starting AppArmor initialization...
         Mounting Kernel Configuration File System...
         Starting Apply Kernel Variables...
         Mounting FUSE Control File System...
         Starting Flush Journal to Persistent Storage...
[[0;32m  OK  [0m] Started udev Kernel Device Manager.
[[0;32m  OK  [0m] Started Set console font and keymap.
[[0;32m  OK  [0m] Started Tell Plymouth To Write Out Runtime Data.
[[0;32m  OK  [0m] Mounted Kernel Configuration File System.
[[0;32m  OK  [0m] Mounted FUSE Control File System.
[[0;32m  OK  [0m] Started Dispatch Password Requests to Console Directory Watch.
[[0;32m  OK  [0m] Reached target Local Encrypted Volumes.
[[0;32m  OK  [0m] Started Apply Kernel Variables.
[[0;32m  OK  [0m] Started Commit a transient machine-id on disk.
[[0;32m  OK  [0m] Started Flush Journal to Persistent Storage.
         Starting Create Volatile Files and Directories...
[[0;32m  OK  [0m] Started Create Volatile Files and Directories.
         Starting Update UTMP about System Boot/Shutdown...
[[0;32m  OK  [0m] Started Update UTMP about System Boot/Shutdown.
[[0;32m  OK  [0m] Started ebtables ruleset management.
[[0;32m  OK  [0m] Found device /dev/ttyS0.
[[0;32m  OK  [0m] Listening on Load/Save RF Kill Switch Status /dev/rfkill Watch.
[[0;32m  OK  [0m] Started AppArmor initialization.
[   12.227970] cloud-init[406]: Cloud-init v. 18.5-45-g3554ffe8-0ubuntu1~18.04.1 running 'init-local' at Sat, 06 Apr 2019 05:57:03 +0000. Up 11.74 seconds.
[[0;32m  OK  [0m] Started Initial cloud-init job (pre-networking).
[[0;32m  OK  [0m] Reached target Network (Pre).
         Starting Network Service...
[[0;32m  OK  [0m] Started Network Service.
         Starting Wait for Network to be Configured...
         Starting Network Name Resolution...
[[0;32m  OK  [0m] Started Network Name Resolution.
[[0;32m  OK  [0m] Reached target Host and Network Name Lookups.
[[0;32m  OK  [0m] Reached target Network.
[[0;32m  OK  [0m] Started Wait for Network to be Configured.
         Starting Initial cloud-init job (metadata service crawler)...
[   14.640607] cloud-init[645]: Cloud-init v. 18.5-45-g3554ffe8-0ubuntu1~18.04.1 running 'init' at Sat, 06 Apr 2019 05:57:06 +0000. Up 14.51 seconds.
[   14.773668] cloud-init[645]: ci-info: ++++++++++++++++++++++++++++++++++++++Net device info+++++++++++++++++++++++++++++++++++++++
[   14.821867] cloud-init[645]: ci-info: +--------+-------+----------------------------+---------------+--------+-------------------+
[   14.871151] cloud-init[645]: ci-info: | Device |   Up  |          Address           |      Mask     | Scope  |     Hw-Address    |
[   14.917043] cloud-init[645]: ci-info: +--------+-------+----------------------------+---------------+--------+-------------------+
[   14.936029] cloud-init[645]: ci-info: | enp0s3 |  True |         10.0.2.15          | 255.255.255.0 | global | 02:ea:7f:4f:2c:ab |
[   14.954078] cloud-init[645]: ci-info: | enp0s3 |  True | fe80::ea:7fff:fe4f:2cab/64 |       .       |  link  | 02:ea:7f:4f:2c:ab |
[   14.959249] cloud-init[645]: ci-info: | enp0s8 | False |             .              |       .       |   .    | 08:00:27:4b:3d:a5 |
[   14.986639] cloud-init[645]: ci-info: |   lo   |  True |         127.0.0.1          |   255.0.0.0   |  host  |         .         |
[   14.998032] cloud-init[645]: ci-info: |   lo   |  True |          ::1/128           |       .       |  host  |         .         |
[   15.013630] cloud-init[645]: ci-info: +--------+-------+----------------------------+---------------+--------+-------------------+
[   15.022262] cloud-init[645]: ci-info: ++++++++++++++++++++++++++++Route IPv4 info+++++++++++++++++++++++++++++
[   15.036895] cloud-init[645]: ci-info: +-------+-------------+----------+-----------------+-----------+-------+
[   15.057293] cloud-init[645]: ci-info: | Route | Destination | Gateway  |     Genmask     | Interface | Flags |
[   15.088445] cloud-init[645]: ci-info: +-------+-------------+----------+-----------------+-----------+-------+
[   15.140767] cloud-init[645]: ci-info: |   0   |   0.0.0.0   | 10.0.2.2 |     0.0.0.0     |   enp0s3  |   UG  |
[   15.150310] cloud-init[645]: ci-info: |   1   |   10.0.2.0  | 0.0.0.0  |  255.255.255.0  |   enp0s3  |   U   |
[   15.175669] cloud-init[645]: ci-info: |   2   |   10.0.2.2  | 0.0.0.0  | 255.255.255.255 |   enp0s3  |   UH  |
[   15.180764] cloud-init[645]: ci-info: +-------+-------------+----------+-----------------+-----------+-------+
[   15.184854] cloud-init[645]: ci-info: +++++++++++++++++++Route IPv6 info+++++++++++++++++++
[   15.211098] cloud-init[645]: ci-info: +-------+-------------+---------+-----------+-------+
[   15.214988] cloud-init[645]: ci-info: | Route | Destination | Gateway | Interface | Flags |
[   15.229848] cloud-init[645]: ci-info: +-------+-------------+---------+-----------+-------+
[   15.235490] cloud-init[645]: ci-info: |   1   |  fe80::/64  |    ::   |   enp0s3  |   U   |
[   15.238071] cloud-init[645]: ci-info: |   3   |    local    |    ::   |   enp0s3  |   U   |
[   15.241351] cloud-init[645]: ci-info: |   4   |   ff00::/8  |    ::   |   enp0s3  |   U   |
[   15.252024] cloud-init[645]: ci-info: +-------+-------------+---------+-----------+-------+
[   15.503855] cloud-init[645]: Generating public/private rsa key pair.
[   15.508493] cloud-init[645]: Your identification has been saved in /etc/ssh/ssh_host_rsa_key.
[   15.517453] cloud-init[645]: Your public key has been saved in /etc/ssh/ssh_host_rsa_key.pub.
[   15.519844] cloud-init[645]: The key fingerprint is:
[   15.522250] cloud-init[645]: SHA256:7VkQzp7Mkto2ojXKGzVL8P1dXNs/4rHgOxH8VVR2kmE root@ubuntu-bionic
[   15.536280] cloud-init[645]: The key's randomart image is:
[   15.540225] cloud-init[645]: +---[RSA 2048]----+
[   15.558433] cloud-init[645]: |          .   E+*|
[   15.566698] cloud-init[645]: |         o . ..oo|
[   15.569049] cloud-init[645]: |    .     =     o|
[   15.573150] cloud-init[645]: |     o . * = . oo|
[[0;32m  OK  [0m] Started Initial cloud-init job (metadata service crawler).
[[0;32m  OK  [0m] Reached target Network is Online.
[   15.594963] cloud-init[645]: |      = S * + +..|
[   15.674821] [[0;32m  OK  [0m] Reached target Remote File Systems (Pre).
[[0;32m  OK  [0m] Reached target Remote File Systems.
         Starting Availability of block devices...
[[0;32m  OK  [0m] Reached target Cloud-config availability.
[[0;32m  OK  [0m] Reached target System Initialization.
[[0;32m  OK  [0m] Listening on ACPID Listen Socket.
cloud-init[645]: |     o = + = o  .|
         Starting LXD - unix socket.
[   15.778704] cloud-init[645]: |    . * + +.oo ..|
[   15.833457] cloud-init[645]: [[0;32m  OK  [0m] Started ACPI Events Check.
[[0;32m  OK  [0m] Listening on D-Bus System Message Bus Socket.
         Starting Socket activation for snappy daemon.
[[0;32m  OK  [0m] Started Daily Cleanup of Temporary Directories.
[[0;32m  OK  [0m] Started Discard unused blocks once a week.
[[0;32m  OK  [0m] Listening on Open-iSCSI iscsid Socket.
[[0;32m  OK  [0m] Listening on UUID daemon activation socket.
[[0;32m  OK  [0m] Reached target Paths.
[[0;32m  OK  [0m] Started Message of the Day.
[[0;32m  OK  [0m] Started Daily apt download activities.
[[0;32m  OK  [0m] Started Daily apt upgrade and clean activities.
[[0;32m  OK  [0m] Reached target Timers.
[[0;32m  OK  [0m] Started Availability of block devices.
|   . = + ...o + .|
[[0;32m  OK  [0m] Listening on LXD - unix socket.[   16.095192] cloud-init[645]: |    =.     ooo   |
[   16.095373] cloud-init[645]: +----[SHA256]-----+
[   16.095490] cloud-init[645]: Generating public/private dsa key pair.
[   16.095673] cloud-init[645]: Your identification has been saved in /etc/ssh/ssh_host_dsa_key.
[   16.095772] cloud-init[645]: Your public key has been saved in /etc/ssh/ssh_host_dsa_key.pub.
[   16.095823] cloud-init[645]: The key fingerprint is:
[   16.095871] cloud-init[645]: SHA256:IrNi3+laiwRq/GCQkKA/VNRPVLpU/Tsc7iwwlYlVcJo root@ubuntu-bionic
[   16.095908] cloud-init[645]: The key's randomart image is:
[   16.096349] cloud-init[645]: +---[DSA 1024]----+
[   16.096618] cloud-init[645]: |.  .o. ...o..oo  |
[   16.096682] cloud-init[645]: |o. .  . .o  o+   |
[   16.096737] cloud-init[645]: |+ .    oo  oE+   |
[   16.096801] cloud-init[645]: |.+     .... + o  |
[   16.096858] cloud-init[645]: |o + o . S  . o o |
[   16.096905] cloud-init[645]: |o. o + .  o   =  |
[   16.096958] cloud-init[645]: |.=o o .    o o . |
[   16.097007] cloud-init[645]: |o.o+ + o    . o  |
[   16.097059] cloud-init[645]: |   .+o=      .   |
[   16.097113] cloud-init[645]: +----[SHA256]-----+
[   16.097435] cloud-init[645]: Generating public/private ecdsa key pair.
[   16.097537] cloud-init[645]: Your identification has been saved in /etc/ssh/ssh_host_ecdsa_key.
[   16.097659] cloud-init[645]: Your public key has been saved in /etc/ssh/ssh_host_ecdsa_key.pub.
[   16.097775] cloud-init[645]: The key fingerprint is:
[   16.097827] cloud-init[645]: SHA256:EYxYp+xOOpCnqk7QToEgeezdqWJPj44r8fWX+DtVgRQ root@ubuntu-bionic
[   16.097897] cloud-init[645]: The key's randomart image is:
[   16.098124] cloud-init[645]: +---[ECDSA 256]---+
[   16.098188] cloud-init[645]: |oo   o.oo.Eo     |
[   16.098223] cloud-init[645]: |+.o ...o... .    |
[   16.098251] cloud-init[645]: |.o.. .o..    .   |
[   16.098279] cloud-init[645]: | ..o..o  .  .    |
[   16.098319] cloud-init[645]: |. = ..o S  .     |
[   16.098377] cloud-init[645]: |ooo+++    .      |
[   16.098418] cloud-init[645]: | =o=o+.. o       |
[   16.098448] cloud-init[645]: |o...o.+ +        |
[   16.098477] cloud-init[645]: |=ooo.  ooo       |
[   16.098503] cloud-init[645]: +----[SHA256]-----+
[   16.098527] cloud-init[645]: Generating public/private ed25519 key pair.
[   16.098554] cloud-init[645]: Your identification has been saved in /etc/ssh/ssh_host_ed25519_key.
[   16.098585] cloud-init[645]: Your public key has been saved in /etc/ssh/ssh_host_ed25519_key.pub.
[   16.098613] cloud-init[645]: The key fingerprint is:
[   16.098638] cloud-init[645]: SHA256:l/HLUjBffgAz1Ab8OurAkZlFhixBmsZbQdKnoAu2b8E root@ubuntu-bionic
[   16.098662] cloud-init[645]: The key's randomart image is:
[   16.098689] cloud-init[645]: +--[ED25519 256]--+
[   16.098717] cloud-init[645]: |    .+=o .oo*o   |
[   16.098744] cloud-init[645]: |   ..+o.+o  .+o  |
[   16.098779] cloud-init[645]: |   .=..+  =  oo  |
[   16.098805] cloud-init[645]: |.... o.  = B o.. |
[   16.098833] cloud-init[645]: |..o..   S o +.. .|
[   16.098860] cloud-init[645]: | ..E   . o oo. . |
[   16.098886] cloud-init[645]: |  . .   o ..o.   |
[   16.098920] cloud-init[645]: |   o     ...     |

[[0;32m  OK  [0m] Listening on Socket activation for snappy daemon.
[[0;32m  OK  [0m] Reached target Sockets.
[[0;32m  OK  [0m] [   16.106636] cloud-init[645]: |  .      ..      |
[   16.791360] cloud-init[645]: +----[SHA256]-----+
Reached target Basic System.
[[0;32m  OK  [0m] Started FUSE filesystem for LXC.
         Starting LSB: automatic crash report generation...
[[0;32m  OK  [0m] Started Regular background program processing daemon.
         Starting Permit User Sessions...
[[0;32m  OK  [0m] Started Deferred execution scheduler.
         Starting LSB: Record successful boot for GRUB...
         Starting Virtualbox guest utils...
[[0;32m  OK  [0m] Started irqbalance daemon.
[[0;32m  OK  [0m] Started D-Bus System Message Bus.
         Starting Snappy daemon...
         Starting Dispatcher daemon for systemd-networkd...
         Starting System Logging Service...
         Starting LXD - container startup/shutdown...
         Starting Login Service...
         Starting Pollinate to seed the pseudo random number generator...
         Starting Accounts Service...
[[0;32m  OK  [0m] Started System Logging Service.
[[0;32m  OK  [0m] Started Permit User Sessions.
         Starting Terminate Plymouth Boot Screen...
         Starting Hold until boot process finishes up...
[[0;32m  OK  [0m] Started Terminate Plymouth Boot Screen.
[[0;32m  OK  [0m] Started Hold until boot process finishes up.
[[0;32m  OK  [0m] Started Login Service.
[[0;32m  OK  [0m] Started Unattended Upgrades Shutdown.
         Starting Set console scheme...
[[0;32m  OK  [0m] Started Serial Getty on ttyS0.
[[0;32m  OK  [0m] Started Set console scheme.
[[0;32m  OK  [0m] Created slice system-getty.slice.
[[0;32m  OK  [0m] Started Getty on tty1.
[[0;32m  OK  [0m] Reached target Login Prompts.
[[0;32m  OK  [0m] Started LSB: Record successful boot for GRUB.
[[0;32m  OK  [0m] Started LSB: automatic crash report generation.
[[0;32m  OK  [0m] Started LXD - container startup/shutdown.
         Starting Authorization Manager...
[[0;32m  OK  [0m] Started Authorization Manager.
[[0;32m  OK  [0m] Started Accounts Service.
[[0;32m  OK  [0m] Started Virtualbox guest utils.
[[0;32m  OK  [0m] Started Dispatcher daemon for systemd-networkd.
[[0;32m  OK  [0m] Started Snappy daemon.
         Starting Wait until snapd is fully seeded...
[[0;32m  OK  [0m] Started Pollinate to seed the pseudo random number generator.
         Starting OpenBSD Secure Shell server...
[[0;32m  OK  [0m] Started OpenBSD Secure Shell server.
[[0;32m  OK  [0m] Created slice User Slice of vagrant.
         Starting User Manager for UID 1000...
[[0;32m  OK  [0m] Started Session 1 of user vagrant.
[[0;32m  OK  [0m] Started User Manager for UID 1000.
[[0;32m  OK  [0m] Started Session 3 of user vagrant.

Ubuntu 18.04.2 LTS ubuntu-bionic ttyS0

ubuntu-bionic login: [   24.005325] cloud-init[1508]: Cloud-init v. 18.5-45-g3554ffe8-0ubuntu1~18.04.1 running 'modules:config' at Sat, 06 Apr 2019 05:57:15 +0000. Up 23.60 seconds.
ci-info: no authorized ssh keys fingerprints found for user ubuntu.
<14>Apr  6 05:57:16 ec2: 
<14>Apr  6 05:57:16 ec2: #############################################################
<14>Apr  6 05:57:16 ec2: -----BEGIN SSH HOST KEY FINGERPRINTS-----
<14>Apr  6 05:57:16 ec2: 1024 SHA256:IrNi3+laiwRq/GCQkKA/VNRPVLpU/Tsc7iwwlYlVcJo root@ubuntu-bionic (DSA)
<14>Apr  6 05:57:16 ec2: 256 SHA256:EYxYp+xOOpCnqk7QToEgeezdqWJPj44r8fWX+DtVgRQ root@ubuntu-bionic (ECDSA)
<14>Apr  6 05:57:16 ec2: 256 SHA256:l/HLUjBffgAz1Ab8OurAkZlFhixBmsZbQdKnoAu2b8E root@ubuntu-bionic (ED25519)
<14>Apr  6 05:57:16 ec2: 2048 SHA256:7VkQzp7Mkto2ojXKGzVL8P1dXNs/4rHgOxH8VVR2kmE root@ubuntu-bionic (RSA)
<14>Apr  6 05:57:16 ec2: -----END SSH HOST KEY FINGERPRINTS-----
<14>Apr  6 05:57:16 ec2: #############################################################
-----BEGIN SSH HOST KEY KEYS-----
ecdsa-sha2-nistp256 AAAAE2VjZHNhLXNoYTItbmlzdHAyNTYAAAAIbmlzdHAyNTYAAABBBJIvWQqEu8B+MWxG1T3WTX9FUqqOH0FirpU5iQbGoXmcPPRp+iCZfOYpAIMqt+CIOb0rvSgI3kgE5VDLl/QUPRU= root@ubuntu-bionic
ssh-ed25519 AAAAC3NzaC1lZDI1NTE5AAAAIFxYjqEMao0V6LjCMD9lrbgKS/NtIHT8ZcqJpgiiLGTp root@ubuntu-bionic
ssh-rsa AAAAB3NzaC1yc2EAAAADAQABAAABAQDmXFGD0zkFZEXeKftdC+e5sej02wA626ugmLtJOxeUVWEqNrJK9cD0MuNyrvBIUwV/ibOgcl+eYIyGOillQd/+Z8HKRWCOaRWFQB2FQ1Z3zdH9IEmr/DqeJAR9PtT3T7EfpABIifdT+c2QnJR0XyE4YswFRa3JKs2/cp/jiyzwolfVrBdAeRMlL21DO3y4fylB6MgI44Sih6hfDy1yosMwsG1xEZq1DXyZH75xy2FK5lwpqEtAfpcrfGnAu11G4O56s+Ugei70CV/rIpS24IYQ4Hndo/SF0uNII08mGitCncc9eaA/O5P7YonbUA8v4194KbWjsd4nsKYDxloMiL5H root@ubuntu-bionic
-----END SSH HOST KEY KEYS-----
[   24.728222] cloud-init[1679]: Cloud-init v. 18.5-45-g3554ffe8-0ubuntu1~18.04.1 running 'modules:final' at Sat, 06 Apr 2019 05:57:16 +0000. Up 24.62 seconds.
[   24.728326] cloud-init[1679]: ci-info: no authorized ssh keys fingerprints found for user ubuntu.
[   24.728545] cloud-init[1679]: Cloud-init v. 18.5-45-g3554ffe8-0ubuntu1~18.04.1 finished at Sat, 06 Apr 2019 05:57:16 +0000. Datasource DataSourceNoCloud [seed=/dev/sdb][dsmode=net].  Up 24.72 seconds
